2026-03-22 13:26:56.421  6547-6547  DynamicIsl...Controller com.android.systemui                 D  cancelDelayExitMiniWindow app.contrail null
2026-03-22 13:26:56.421  6547-6547  DynamicIsl...Controller com.android.systemui                 D  delayExitApp app.contrail
2026-03-22 13:26:56.421  6547-6547  DynamicIsl...Controller com.android.systemui                 D  cancelDelayExitApp app.contrail app.contrail
2026-03-22 13:26:56.422 29737-15460 HWUI                    usap64                               D  MiShaderPrecompile handle app.contrail, isSksl: 0, isAppInPreCacheList: 0, isGpuVersionChanged: 0, isSkslChanged: 0
2026-03-22 13:26:56.428  5813-8105  RecentsModel            com.miui.home                        W  getRunningTask   taskInfo=TaskInfo{userId=0 taskId=13907 effectiveUid=10418 displayId=0 isRunning=true baseIntent=Intent { act=android.intent.action.MAIN cat=[android.intent.category.LAUNCHER] flg=0x10200000 cmp=app.contrail/.MainActivity } baseActivity=ComponentInfo{app.contrail/app.contrail.MainActivity} topActivity=ComponentInfo{app.contrail/app.contrail.MainActivity} origActivity=null realActivity=ComponentInfo{app.contrail/app.contrail.MainActivity} numActivities=1 lastActiveTime=1557670752 supportsSplitScreenMultiWindow=true mSoScDisplayMode=-1 supportsMultiWindow=true resizeMode=1 isResizeable=true minWidth=-1 minHeight=-1 defaultMinSize=200 token=WCT{android.window.IWindowContainerToken$Stub$Proxy@2112157} topActivityType=1 pictureInPictureParams=null shouldDockBigOverlays=false launchIntoPipHostTaskId=-1 lastParentTaskIdBeforePip=-1 displayCutoutSafeInsets=Rect(0, 0 - 0, 0) topActivityInfo=ActivityInfo{9bde444 app.contrail.MainActivity} launchCookies=[] positionInParent=Point(0, 0) parentTaskId=-1 isFocused=true isVisible=true isVisibleRequested=true isTopActivityNoDisplay=false isSleeping=false locusId=null displayAreaFeatureId=1 isTopActivityTransparent=false isActivityStackTransparent=false lastNonFullscreenBounds=Rect(279, 702 - 801, 1782) capturedLink=null capturedLinkTimestamp=0 requestedVisibleTypes=-9 topActivityRequestOpenInBrowserEducationTimestamp=0 appCompatTaskInfo=AppCompatTaskInfo { topActivityInSizeCompat=false eligibleForLetterboxEducation= false topActivityInMiuiSizeCompat=false isLetterboxEducationEnabled= false isLetterboxDoubleTapEnabled= false eligibleForUserAspectRatioButton= false topActivityBoundsLetterboxed= false isFromLetterboxDoubleTap= false topActivityLetterboxVerticalPosition= -1 topActivityLetterboxHorizontalPosition= -1 topActivityLetterboxWidth=-1 topActivityLetterboxHeight=-1 topActivityAppBounds=Rect(0, 0 - 1080, 2400) isUserFullscreenOverrideEnabled=false isSystemFullscreenOverrideEnabled=false hasMinAspectRatioOverride=false topActivityLetterboxBounds=null cameraCompatTaskInfo=CameraCompatTaskInfo { freeformCameraCompatMode=inactive}} isImmersive=false mTopActivityRequestOrientation=-1 mStatusBarParent=null mNavBarParent=null mBehindAppLockPkg=null mOriginatingUid=0 isEmbedded=false shouldBeVisible=true isCreatedByOrganizer=false mIsCastMode=false mTopActivityMediaSize=null mTopActivityRecordName=ActivityRecord{21062653 u0 app.contrail/.MainActivity t13907} mTopActivityOrientation=-1 topActivityMainWindowFrame=null}
2026-03-22 13:26:56.434  5813-8105  ActivityManagerWrapper  com.miui.home                        E  getRecentTasksForceIncludingTaskIdIfValid: getRecentTasks: size=17
                                                                                                     mainTaskId=13907   userId=0   windowMode=1   isExcludedFromRecents=false   baseIntent=Intent { act=android.intent.action.MAIN flag=270532608 cmp=ComponentInfo{app.contrail/app.contrail.MainActivity} }
                                                                                                     mainTaskId=13885   userId=0   windowMode=1   isExcludedFromRecents=false   baseIntent=Intent { act=android.intent.action.MAIN flag=270532608 cmp=ComponentInfo{com.volcengine.corplink/com.bytedance.topgo.activity.SplashActivity} }
                                                                                                     mainTaskId=13859   userId=0   windowMode=1   isExcludedFromRecents=false   baseIntent=Intent { act=android.intent.action.MAIN flag=270532608 cmp=ComponentInfo{com.ss.android.lark/com.ss.android.lark.main.app.MainActivity} }
                                                                                                     mainTaskId=13881   userId=0   windowMode=1   isExcludedFromRecents=false   baseIntent=Intent { act=android.intent.action.MAIN flag=270532608 cmp=ComponentInfo{com.tencent.mm/com.tencent.mm.ui.LauncherUI} }
                                                                                                     mainTaskId=13904   userId=0   windowMode=1   isExcludedFromRecents=false   baseIntent=Intent { act=android.intent.action.MAIN flag=270532608 cmp=ComponentInfo{com.jingdong.app.mall/com.jingdong.app.mall.MainFrameActivity} }
                                                                                                     mainTaskId=13894   userId=0   windowMode=1   isExcludedFromRecents=false   baseIntent=Intent { act=android.intent.action.MAIN flag=270532608 cmp=ComponentInfo{com.android.camera/com.android.camera.Camera} }
                                                                                                     mainTaskId=13854   userId=0   windowMode=1   isExcludedFromRecents=false   baseIntent=Intent { act=android.intent.action.MAIN flag=270532608 cmp=ComponentInfo{com.xingin.xhs/com.xingin.xhs.index.v2.IndexActivityV2} }
                                                                                                     mainTaskId=13848   userId=0   windowMode=1   isExcludedFromRecents=false   baseIntent=Intent { act=android.intent.action.MAIN flag=270532608 cmp=ComponentInfo{com.ss.android.yumme.video/com.ss.android.ugc.aweme.splash.SplashActivity} }
                                                                                                     mainTaskId=13898   userId=0   windowMode=1   isExcludedFromRecents=false   baseIntent=Intent { act=android.intent.action.MAIN flag=270532608 cmp=ComponentInfo{com.larus.nova/com.larus.home.impl.alias.AliasActivity1} }
                                                                                                     mainTaskId=13902   userId=0   windowMode=1   isExcludedFromRecents=false   baseIntent=Intent { act=android.intent.action.MAIN flag=270532608 cmp=ComponentInfo{com.android.calendar/com.android.calendar.homepage.AllInOneActivity} }
                                                                                                     mainTaskId=13901   userId=0   windowMode=1   isExcludedFromRecents=false   baseIntent=Intent { act=null flag=335544320 cmp=ComponentInfo{com.ss.android.ugc.aweme/com.ss.android.ugc.aweme.splash.SplashActivity} }
                                                                                                     mainTaskId=13870   userId=0   windowMode=1   isExcludedFromRecents=false   baseIntent=Intent { act=android.intent.action.MAIN flag=270532608 cmp=ComponentInfo{com.autonavi.minimap/com.autonavi.map.activity.SplashActivity} }
                                                                                                     mainTaskId=13866   userId=0   windowMode=1   isExcludedFromRecents=false   baseIntent=Intent { act=android.intent.action.MAIN flag=270532608 cmp=ComponentInfo{com.taou.maimai/com.taou.maimai.MainActivity} }
                                                                                                     mainTaskId=13895   userId=0   windowMode=1   isExcludedFromRecents=false   baseIntent=Intent { act=android.intent.action.MAIN flag=270532608 cmp=ComponentInfo{com.wangc.bill/com.wangc.bill.activity.MainActivity} }
                                                                                                     mainTaskId=13893   userId=0   windowMode=1   isExcludedFromRecents=false   baseIntent=Intent { act=android.intent.action.MAIN flag=270532608 cmp=ComponentInfo{com.taobao.taobao/com.taobao.tao.welcome.Welcome} }
                                                                                                     mainTaskId=13889   userId=0   windowMode=1   isExcludedFromRecents=false   baseIntent=Intent { act=android.intent.action.MAIN flag=270532608 cmp=ComponentInfo{com.dianping.v1/com.dianping.v1.NovaMainActivity} }
                                                                                                     mainTaskId=13879   userId=0   windowMode=1   isExcludedFromRecents=false   baseIntent=Intent { act=android.intent.action.MAIN flag=270532608 cmp=ComponentInfo{com.android.contacts/com.android.contacts.activities.TwelveKeyDialer} }
2026-03-22 13:26:56.434  5813-8105  RecentsTaskLoader       com.miui.home                        D  reloadTasksData [TaskKey{id=13907, stackId=0, baseIntent=Intent { act=android.intent.action.MAIN cat=[android.intent.category.LAUNCHER] flg=0x10200000 cmp=app.contrail/.MainActivity }, userId=0, lastActiveTime=1557670648, windowingMode=1, isThumbnailBlur=false, isAccessLocked=false, isScreening=false, topActivity=ComponentInfo{app.contrail/app.contrail.MainActivity}, mHashCode=415226989}, title=Contrail, titleDescription=Contrail, bounds=null, isLaunchTarget=true, isStackTask=true, isSystemApp=false, isDockable=true, baseActivity=ComponentInfo{app.contrail/app.contrail.MainActivity}, isLocked=true, mNeedHide=false, hasMultipleTasks=false, cti1Key=, cti2Key=, cti1Task=, cti2Task=] 
2026-03-22 13:26:56.436 29737-29737 Activity                usap64                               D  Activity = ActivityInfo{9d0c964 app.contrail.MainActivity}, Resume onConfigurationChanged = {1.0 460mcc?mnc [zh_CN] ldltr sw411dp w411dp h914dp 420dpi nrml long hdr widecg port finger -keyb/v/h -nav/h winConfig={ mBounds=Rect(0, 0 - 1080, 2400) mAppBounds=Rect(0, 0 - 1080, 2400) mMaxBounds=Rect(0, 0 - 1080, 2400) mDisplayRotation=ROTATION_0 mWindowingMode=fullscreen mActivityType=standard mAlwaysOnTop=undefined mRotation=ROTATION_0 mInSplitScreen=false letterBoxed=false foScaled=false isSpecificEmbedded=false embeddingScale=1.0} s.2 fontWeightAdjustment=0/d/o themeChanged=0 themeChangedFlags=0 display=0 extraData = Bundle[{}] screenType=0/o}
2026-03-22 13:26:56.442 29737-15464 ContentCatcher          usap64                               I  SettingTrigger : register screen QA status observer app.contrail.MainActivity
2026-03-22 13:26:56.443 29737-15464 ContentCatcher          usap64                               I  SettingTrigger : register global collect status observer app.contrail.MainActivity
2026-03-22 13:26:56.443 29737-29737 app.contrail            usap64                               D  MiuiProcessManagerServiceStub setSchedFifo
2026-03-22 13:26:56.443 29737-15464 ContentCatcher          usap64                               I  SettingTrigger : registerUIAgentListener app.contrail.MainActivity, uid:10418
2026-03-22 13:26:56.444  2561-5699  HyperSentinel           system_server                        E  ->pid:29737,processName:"app.contrail",Rss Memory Size Change 157428kb -> 208440kb
2026-03-22 13:26:56.444  2561-12357 IorapForwardingService  system_server                        D  onRenderThread! tid:15460 uid:10418 pkn:app.contrail
2026-03-22 13:26:56.444  2561-10232 DataHub                 system_server                        I  registerUIAgentListener packageName: app.contrail~10418, client:miui.security.IUIAgentInteractionClient$Stub$Proxy@37842dc
2026-03-22 13:26:56.444  2561-10232 RemoteCallbackList      system_server                        I  register success, put callback for app.contrail~10418
2026-03-22 13:26:56.445 29737-29737 ViewRootImpl            usap64                               I  app.contrail/app.contrail.MainActivity use first frame acceleration
2026-03-22 13:26:56.449 11852-16709 ActivityObserverUtil    com.miui.personalassistant           I  activityResumed ComponentInfo{app.contrail/app.contrail.MainActivity}
2026-03-22 13:26:56.449  2561-9126  CoreBackPreview         system_server                        D  Window{47c6561 u0 app.contrail/app.contrail.MainActivity}: Setting back callback OnBackInvokedCallbackInfo{mCallback=android.window.IOnBackInvokedCallback$Stub$Proxy@dc81174, mPriority=-1, mIsAnimationCallback=false, mOverrideBehavior=0}
2026-03-22 13:26:56.450 11852-16709 TopActivityMonitor      com.miui.personalassistant           I  send TopActivityChangeEvent=TopActivityChangeEvent(prev=ComponentInfo{com.miui.home/com.miui.home.launcher.Launcher}, current=ComponentInfo{app.contrail/app.contrail.MainActivity},appChanged=true)
2026-03-22 13:26:56.450 16097-14889 AppUpdateXmsfLauncher   com.xiaomi.xmsf:services             D  activityResumed intent : Intent { cmp=app.contrail/.MainActivity (has extras) }
2026-03-22 13:26:56.450 15341-15759 auth                    com.xiaomi.xmsf:persistent           D  [XMS][Auth] ActivityObserver activityResumed packageName: app.contrail
2026-03-22 13:26:56.450 16097-14889 services                com.xiaomi.xmsf:services             D  [XMS][observer] ActivityObserver activityResumed packageName: app.contrail
2026-03-22 13:26:56.450 31705-15058 VA_ActivityStateHelper  com.miui.voiceassist                 I  activityResumed componentName ComponentInfo{app.contrail/app.contrail.MainActivity}
2026-03-22 13:26:56.451  5813-5813  RecentsImpl             com.miui.home                        D  mActivityStateObserver app.contrail.MainActivity
2026-03-22 13:26:56.451  5813-5813  RecentsImpl             com.miui.home                        W  updateGestureWindowVisibleImpl, className=app.contrail.MainActivity
2026-03-22 13:26:56.451 12016-15944 XMSF-actMo...torManager com.xiaomi.xmsf                      I  onActivityResumed: ActivityInfo{name='app.contrail.MainActivity', pkg='app.contrail', callerPkg='com.miui.home', windowMode=-1, displayId=0, appBounds=Rect(0, 0 - 1080, 2400), duration=-1},activityInfoQueue:30,curMonitorStrategy=
2026-03-22 13:26:56.452 11852-11888 travelServ...erverUtils com.miui.personalassistant           I  activityResumed ComponentInfo{app.contrail/app.contrail.MainActivity}
2026-03-22 13:26:56.452  2561-10232 BarFollowAnimation      system_server                        D  pairAppearanceRegionAndWin win=Window{4f6927f u0 Splash Screen app.contrail} 8
2026-03-22 13:26:56.452  2561-10232 BarFollowAnimation      system_server                        D  isAppTaskBarOnTop win:Window{4f6927f u0 Splash Screen app.contrail} (mCurrentTopTask:Task{dee4b43 #13907 type=standard I=app.contrail/.MainActivity} : true); (mAssociatedTask:Task{dee4b43 #13907 type=standard I=app.contrail/.MainActivity} : true); (mHomeTask:Task{fc38abe #1 type=home} : false); mReparentToOriginParent:false mLastAppBarVisible:true mLastHomeBarVisible:false
2026-03-22 13:26:56.454  2561-10232 BarFollowAnimation      system_server                        D  isAppTaskBarOnTop win:Window{47c6561 u0 app.contrail/app.contrail.MainActivity} (mCurrentTopTask:Task{dee4b43 #13907 type=standard I=app.contrail/.MainActivity} : true); (mAssociatedTask:Task{dee4b43 #13907 type=standard I=app.contrail/.MainActivity} : true); (mHomeTask:Task{fc38abe #1 type=home} : false); mReparentToOriginParent:false mLastAppBarVisible:true mLastHomeBarVisible:false
2026-03-22 13:26:56.455  6547-6945  MiuiDecora...Controller com.android.systemui                 D  relayout::taskId=13907, visible=true, bounds=Rect(0, 0 - 1080, 2400), focused=true, oldImmersive=false, newImmersive=false, windowMode=1, activityType=1, displayId=0, baseActivity=ComponentInfo{app.contrail/app.contrail.MainActivity}, topActivity=ComponentInfo{app.contrail/app.contrail.MainActivity}, callers=com.android.wm.shell.multitasking.miuimultiwinswitch.miuiwindowdecor.decoration.MiuiDecorationController.relayout:4 com.android.wm.shell.multitasking.miuimultiwinswitch.miuiwindowdecor.MulWinSwitchDecorViewModel.onTaskInfoChanged:18 com.android.wm.shell.multitasking.common.taskmanager.MultiTaskingTaskListener.onTaskInfoChanged:47 com.android.wm.shell.ShellTaskOrganizer.onTaskInfoChanged:136 android.window.TaskOrganizer$1.lambda$onTaskInfoChanged$6:300 
2026-03-22 13:26:56.455  2561-10232 WindowManager           system_server                        D  updateSystemBarAttributes displayId: 16777216 Window{47c6561 u0 app.contrail/app.contrail.MainActivity} winAppearance=
2026-03-22 13:26:56.455  2561-10232 WindowManager           system_server                        D  wms.Input focus has changed to Window{47c6561 u0 app.contrail/app.contrail.MainActivity} display=0 updateInputWindows = true
2026-03-22 13:26:56.455  2561-10232 WindowManager           system_server                        I  Allow fixed rotation for not collecting:ActivityRecord{21062653 u0 app.contrail/.MainActivity t13907}
2026-03-22 13:26:56.456  2561-2722  WmSystemUiDebug         system_server                        D  on system bar attributes changed displayId=16777216 appearance=LIGHT_NAVIGATION_BARS appearanceRegions=[AppearanceRegion{LIGHT_STATUS_BARS bounds=[0,0][1080,2400]}] navbarColorManagedByIme=false behavior=1 requestedVisibleTypes=[statusBars navigationBars captionBar systemGestures mandatorySystemGestures tappableElement displayCutout windowDecor systemOverlays] packageName=app.contrail letterboxDetails=[]
2026-03-22 13:26:56.456  6547-6945  MiuiFreefo...Controller com.android.systemui                 D  onFocusTaskChanged taskInfo: TaskInfo{userId=0 taskId=13907 effectiveUid=10418 displayId=0 isRunning=true baseIntent=Intent { act=android.intent.action.MAIN cat=[android.intent.category.LAUNCHER] flg=0x10200000 cmp=app.contrail/.MainActivity } baseActivity=ComponentInfo{app.contrail/app.contrail.MainActivity} topActivity=ComponentInfo{app.contrail/app.contrail.MainActivity} origActivity=null realActivity=ComponentInfo{app.contrail/app.contrail.MainActivity} numActivities=1 lastActiveTime=1557670648 supportsSplitScreenMultiWindow=true mSoScDisplayMode=-1 supportsMultiWindow=true resizeMode=1 isResizeable=true minWidth=-1 minHeight=-1 defaultMinSize=200 token=WCT{android.window.IWindowContainerToken$Stub$Proxy@7026d14} topActivityType=1 pictureInPictureParams=null shouldDockBigOverlays=false launchIntoPipHostTaskId=-1 lastParentTaskIdBeforePip=-1 displayCutoutSafeInsets=Rect(0, 0 - 0, 0) topActivityInfo=ActivityInfo{abcb9bd app.contrail.MainActivity} launchCookies=[] positionInParent=Point(0, 0) parentTaskId=-1 isFocused=true isVisible=true isVisibleRequested=true isTopActivityNoDisplay=false isSleeping=false locusId=null displayAreaFeatureId=1 isTopActivityTransparent=false isActivityStackTransparent=false lastNonFullscreenBounds=Rect(279, 702 - 801, 1782) capturedLink=null capturedLinkTimestamp=0 requestedVisibleTypes=-9 topActivityRequestOpenInBrowserEducationTimestamp=0 appCompatTaskInfo=AppCompatTaskInfo { topActivityInSizeCompat=false eligibleForLetterboxEducation= false topActivityInMiuiSizeCompat=false isLetterboxEducationEnabled= false isLetterboxDoubleTapEnabled= false eligibleForUserAspectRatioButton= false topActivityBoundsLetterboxed= false isFromLetterboxDoubleTap= false topActivityLetterboxVerticalPosition= -1 topActivityLetterboxHorizontalPosition= -1 topActivityLetterboxWidth=-1 topActivityLetterboxHeight=-1 topActivityAppBounds=Rect(0, 0 - 1080, 2400) isUserFullscreenOverrideEnabled=false isSystemFullscreenOverrideEnabled=false hasMinAspectRatioOverride=false topActivityLetterboxBounds=null cameraCompatTaskInfo=CameraCompatTaskInfo { freeformCameraCompatMode=inactive}} isImmersive=false mTopActivityRequestOrientation=-1 mStatusBarParent=Surface(name=StatusBar Container of Task = 13907#324697)/@0x8043681 mNavBarParent=Surface(name=NavigationBar Container of Task = 13907#324696)/@0xb2cb326 mBehindAppLockPkg=null mOriginatingUid=0 isEmbedded=false shouldBeVisible=true isCreatedByOrganizer=false mIsCastMode=false mTopActivityMediaSize=null mTopActivityRecordName=ActivityRecord{21062653 u0 app.contrail/.MainActivity t13907} mTopActivityOrientation=-1 topActivityMainWindowFrame=null}
2026-03-22 13:26:56.457  2561-12357 ActivityTaskManager     system_server                        D   setSkipCaptureLayers tr: Task{dee4b43 #13907 type=standard I=app.contrail/.MainActivity}
2026-03-22 13:26:56.461 29737-29737 ViewRootImplStubImpl    usap64                               D  onSurfaceViewAttached:
                                                                                                    , vri:android.view.ViewRootImpl@dae6b63, app.contrail/app.contrail.MainActivity
                                                                                                    , vri size:1080x2400
                                                                                                    , surfaceView:io.flutter.embedding.android.FlutterSurfaceView{37bdf06 V.E...... ......ID 0,0-1080,2400}, SurfaceView[app.contrail/app.contrail.MainActivity]
                                                                                                    , surfaceView size:1080x2400
                                                                                                    , surfaceControl:Surface(name=37bdf06 SurfaceView[app.contrail/app.contrail.MainActivity](BLAST)#324725)/@0x98e1360
2026-03-22 13:26:56.475 29737-29737 flutter                 usap64                               I  日志目录检查: /data/user/0/app.contrail/app_flutter/logs
2026-03-22 13:26:56.479 29737-29737 flutter                 usap64                               I  日志输出初始化完成: file=/data/user/0/app.contrail/app_flutter/logs/error.log
2026-03-22 13:26:56.479 29737-29737 flutter                 usap64                               I  日志目录检查: /data/user/0/app.contrail/app_flutter/logs
2026-03-22 13:26:56.479 29737-29737 flutter                 usap64                               I  日志输出初始化完成: file=/data/user/0/app.contrail/app_flutter/logs/info.log
2026-03-22 13:26:56.480 29737-29737 SurfaceView             usap64                               D  UPDATE Surface(name=37bdf06 SurfaceView[app.contrail/app.contrail.MainActivity]#324724)/@0x989c8de, mIsProjectionMode = false
2026-03-22 13:26:56.483  2561-9126  BarFollowAnimation      system_server                        D  onTaskInfoChanedForCaptionBar Task{dee4b43 #13907 type=standard I=app.contrail/.MainActivity} shouldbeVisible:true isVisible:true isOnTop:true windowMode:1 preDisplayId:-1 displayId:0 mCaptionAssociatedTask:null mIsTouchedInCaption:false
2026-03-22 13:26:56.483  2561-12357 BarFollowAnimation      system_server                        D  pairAppearanceRegionAndWin win=Window{4f6927f u0 Splash Screen app.contrail} 8
2026-03-22 13:26:56.484  2561-12357 BarFollowAnimation      system_server                        D  isAppTaskBarOnTop win:Window{47c6561 u0 app.contrail/app.contrail.MainActivity} (mCurrentTopTask:Task{dee4b43 #13907 type=standard I=app.contrail/.MainActivity} : true); (mAssociatedTask:Task{dee4b43 #13907 type=standard I=app.contrail/.MainActivity} : true); (mHomeTask:Task{fc38abe #1 type=home} : false); mReparentToOriginParent:false mLastAppBarVisible:true mLastHomeBarVisible:false
2026-03-22 13:26:56.484  2561-12357 WindowManager           system_server                        D  updateSystemBarAttributes displayId: 16777216 Window{47c6561 u0 app.contrail/app.contrail.MainActivity} winAppearance=LIGHT_STATUS_BARS
2026-03-22 13:26:56.484  2561-2722  WmSystemUiDebug         system_server                        D  on system bar attributes changed displayId=16777216 appearance=LIGHT_STATUS_BARS LIGHT_NAVIGATION_BARS appearanceRegions=[AppearanceRegion{LIGHT_STATUS_BARS bounds=[0,0][1080,2400]}] navbarColorManagedByIme=false behavior=1 requestedVisibleTypes=[statusBars navigationBars captionBar systemGestures mandatorySystemGestures tappableElement displayCutout windowDecor systemOverlays] packageName=app.contrail letterboxDetails=[]
2026-03-22 13:26:56.484  2561-12357 WindowManager           system_server                        I  Allow fixed rotation for not collecting:ActivityRecord{21062653 u0 app.contrail/.MainActivity t13907}
2026-03-22 13:26:56.485  6547-6945  MiuiDecora...Controller com.android.systemui                 D  relayout::taskId=13907, visible=true, bounds=Rect(0, 0 - 1080, 2400), focused=true, oldImmersive=false, newImmersive=false, windowMode=1, activityType=1, displayId=0, baseActivity=ComponentInfo{app.contrail/app.contrail.MainActivity}, topActivity=ComponentInfo{app.contrail/app.contrail.MainActivity}, callers=com.android.wm.shell.multitasking.miuimultiwinswitch.miuiwindowdecor.decoration.MiuiDecorationController.relayout:4 com.android.wm.shell.multitasking.miuimultiwinswitch.miuiwindowdecor.MulWinSwitchDecorViewModel.onTaskInfoChanged:18 com.android.wm.shell.multitasking.common.taskmanager.MultiTaskingTaskListener.onTaskInfoChanged:47 com.android.wm.shell.ShellTaskOrganizer.onTaskInfoChanged:136 android.window.TaskOrganizer$1.lambda$onTaskInfoChanged$6:300 
2026-03-22 13:26:56.485 29737-29737 WindowLayo...ponentImpl usap64                               D  Register WindowLayoutInfoListener on Context=app.contrail.MainActivity@cecd882, of which baseContext=android.app.ContextImpl@a744951
2026-03-22 13:26:56.487  2561-12357 ActivityTaskManager     system_server                        D   setSkipCaptureLayers tr: Task{dee4b43 #13907 type=standard I=app.contrail/.MainActivity}
2026-03-22 13:26:56.488 29737-29737 TurboSchedMonitor       usap64                               E  failed to find setSchedAffinity method app.contrail
2026-03-22 13:26:56.491  2561-5619  Aurogon                 system_server                        D   onForegroundActivitiesChanged packageName = app.contrail
2026-03-22 13:26:56.496 29737-29737 TurboSchedMonitor       usap64                               E  failed to find setSchedAffinity method app.contrail
2026-03-22 13:26:56.498  2561-9126  AlarmManager            system_server                        E  not align this alarm: Alarm{1fe6109 type 0 origWhen 1774157221498 whenElapsed 1557675817 app.contrail}, reason=0
2026-03-22 13:26:56.500  2561-15808 ActivityManager         system_server                        D  Logging startService for app.contrail, stopped=false, firstLaunch=false, intent=Intent { xflg=0x4 cmp=app.contrail/id.flutter.flutter_background_service.BackgroundService }, r.app=ProcessRecord{83377e 29737:app.contrail/u0a418}
2026-03-22 13:26:56.501  2561-12357 AlarmManager            system_server                        E  not align this alarm: Alarm{d63f0e type 0 origWhen 1774157221501 whenElapsed 1557675820 app.contrail}, reason=0
2026-03-22 13:26:56.531  2561-10232 BarFollowAnimation      system_server                        D  onTaskInfoChanedForCaptionBar Task{dee4b43 #13907 type=standard I=app.contrail/.MainActivity} shouldbeVisible:true isVisible:true isOnTop:true windowMode:1 preDisplayId:-1 displayId:0 mCaptionAssociatedTask:null mIsTouchedInCaption:false
2026-03-22 13:26:56.532  2561-9126  BarFollowAnimation      system_server                        D  onTaskInfoChanedForCaptionBar Task{dee4b43 #13907 type=standard I=app.contrail/.MainActivity} shouldbeVisible:true isVisible:true isOnTop:true windowMode:1 preDisplayId:-1 displayId:0 mCaptionAssociatedTask:null mIsTouchedInCaption:false
2026-03-22 13:26:56.545 16373-16586 HeavyPackageIdentify    com.xiaomi.joyose                    I  splitMode: false, splitPackages: null, foregroundPkg: app.contrail
2026-03-22 13:26:56.551  2561-5699  HyperSentinel           system_server                        E  ->pid:29737,processName:"app.contrail",Rss Memory Size Change 208440kb -> 271380kb
2026-03-22 13:26:56.553  2561-9126  WindowManager           system_server                        D  wms.finishDrawingLocked: mDrawState=COMMIT_DRAW_PENDING Window{47c6561 u0 app.contrail/app.contrail.MainActivity} in Surface(name=app.contrail/app.contrail.MainActivity#324719)/@0x1335f99
2026-03-22 13:26:56.554  2561-2725  BarFollowAnimation      system_server                        D  pairAppearanceRegionAndWin win=Window{4f6927f u0 Splash Screen app.contrail} 8
2026-03-22 13:26:56.554  2561-2725  BarFollowAnimation      system_server                        D  isAppTaskBarOnTop win:Window{47c6561 u0 app.contrail/app.contrail.MainActivity} (mCurrentTopTask:Task{dee4b43 #13907 type=standard I=app.contrail/.MainActivity} : true); (mAssociatedTask:Task{dee4b43 #13907 type=standard I=app.contrail/.MainActivity} : true); (mHomeTask:Task{fc38abe #1 type=home} : false); mReparentToOriginParent:false mLastAppBarVisible:true mLastHomeBarVisible:false
2026-03-22 13:26:56.554  2561-2725  WindowManager           system_server                        D  wms.commitFinishDrawingLocked: mDrawState=READY_TO_SHOW Window{47c6561 u0 app.contrail/app.contrail.MainActivity} in Surface(name=app.contrail/app.contrail.MainActivity#324719)/@0x1335f99
2026-03-22 13:26:56.555  2561-2725  WindowManager           system_server                        I  onFirstWindowDrawn, try to remove startingWindow. ar: ActivityRecord{21062653 u0 app.contrail/.MainActivity t13907}  associatedTask: null  isMainWindow: true  startingWindow: Window{4f6927f u0 Splash Screen app.contrail}  startingData: SplashScreenStartingData{10e15b5 removeAfterTransaction= 0}
2026-03-22 13:26:56.555  2561-2725  TaskSnapshot_CInjector  system_server                        W  doSnapshotQS()...ago! activity=app.contrail/.MainActivity, state=RESUMED, lastVisibleTime=0
2026-03-22 13:26:56.556  2561-2725  SmartPower              system_server                        I  Miui monitor launch : app.contrail/.MainActivity  transitionTime:26  launchTime:247  launchFrom:com.miui.home  launchType:1
2026-03-22 13:26:56.556  2561-2725  Perf[AppStartScene]     system_server                        I  onSceneChangeNotify:Bundle[{renderThreadId=15460, pid=29737, uid=10418, name=app.contrail.MainActivity, type=1, begin=false, state=1, processName=app.contrail, packageName=app.contrail}]
2026-03-22 13:26:56.558  2561-2725  BarFollowAnimation      system_server                        D  pairAppearanceRegionAndWin win=Window{4f6927f u0 Splash Screen app.contrail} 8
2026-03-22 13:26:56.558  2561-2725  BarFollowAnimation      system_server                        D  isAppTaskBarOnTop win:Window{47c6561 u0 app.contrail/app.contrail.MainActivity} (mCurrentTopTask:Task{dee4b43 #13907 type=standard I=app.contrail/.MainActivity} : true); (mAssociatedTask:Task{dee4b43 #13907 type=standard I=app.contrail/.MainActivity} : true); (mHomeTask:Task{fc38abe #1 type=home} : false); mReparentToOriginParent:false mLastAppBarVisible:true mLastHomeBarVisible:false
2026-03-22 13:26:56.558  6547-6945  MiuiDecora...Controller com.android.systemui                 D  relayout::taskId=13907, visible=true, bounds=Rect(0, 0 - 1080, 2400), focused=true, oldImmersive=false, newImmersive=false, windowMode=1, activityType=1, displayId=0, baseActivity=ComponentInfo{app.contrail/app.contrail.MainActivity}, topActivity=ComponentInfo{app.contrail/app.contrail.MainActivity}, callers=com.android.wm.shell.multitasking.miuimultiwinswitch.miuiwindowdecor.decoration.MiuiDecorationController.relayout:4 com.android.wm.shell.multitasking.miuimultiwinswitch.miuiwindowdecor.MulWinSwitchDecorViewModel.onTaskInfoChanged:18 com.android.wm.shell.multitasking.common.taskmanager.MultiTaskingTaskListener.onTaskInfoChanged:47 com.android.wm.shell.ShellTaskOrganizer.onTaskInfoChanged:136 android.window.TaskOrganizer$1.lambda$onTaskInfoChanged$6:300 
2026-03-22 13:26:56.559  2561-2724  IorapForwardingService  system_server                        D  AppLaunchObserver#onActivityLaunchFinished! pid:29737; uid:10418; name:app.contrail
2026-03-22 13:26:56.562  2561-10232 ActivityTaskManager     system_server                        D   setSkipCaptureLayers tr: Task{dee4b43 #13907 type=standard I=app.contrail/.MainActivity}
2026-03-22 13:26:56.562  2561-2725  WindowManager           system_server                        I  wms.showSurfaceRobustly mWin:Window{47c6561 u0 app.contrail/app.contrail.MainActivity} in Surface(name=app.contrail/app.contrail.MainActivity#324719)/@0x1335f99
2026-03-22 13:26:56.563  2561-10232 WindowManager           system_server                        D  Starting window removed Window{4f6927f u0 Splash Screen app.contrail}
2026-03-22 13:26:56.563  2561-2615  ActivityTaskManager     system_server                        I  Displayed app.contrail/.MainActivity for user 0: +247ms
2026-03-22 13:26:56.563  2561-2615  ActivityTaskManager     system_server                        I  Fully drawn app.contrail/.MainActivity: +247ms
2026-03-22 13:26:56.564  2561-10232 AppCompatL...rboxPolicy system_server                        W  start not layout letterbox Window{4f6927f u0 Splash Screen app.contrail EXITING}
2026-03-22 13:26:56.564  2561-10232 BarFollowAnimation      system_server                        D  pairAppearanceRegionAndWin win=Window{4f6927f u0 Splash Screen app.contrail EXITING} 8
2026-03-22 13:26:56.564  2561-10232 BarFollowAnimation      system_server                        D  isAppTaskBarOnTop win:Window{47c6561 u0 app.contrail/app.contrail.MainActivity} (mCurrentTopTask:Task{dee4b43 #13907 type=standard I=app.contrail/.MainActivity} : true); (mAssociatedTask:Task{dee4b43 #13907 type=standard I=app.contrail/.MainActivity} : true); (mHomeTask:Task{fc38abe #1 type=home} : false); mReparentToOriginParent:false mLastAppBarVisible:true mLastHomeBarVisible:false
2026-03-22 13:26:56.564  2561-10232 WindowManager           system_server                        D  updateSystemBarAttributes displayId: 16777216 Window{47c6561 u0 app.contrail/app.contrail.MainActivity} winAppearance=LIGHT_STATUS_BARS
2026-03-22 13:26:56.565  2561-2725  BarFollowAnimation      system_server                        D  pairAppearanceRegionAndWin win=Window{4f6927f u0 Splash Screen app.contrail EXITING} 8
2026-03-22 13:26:56.566  2561-2725  BarFollowAnimation      system_server                        D  isAppTaskBarOnTop win:Window{47c6561 u0 app.contrail/app.contrail.MainActivity} (mCurrentTopTask:Task{dee4b43 #13907 type=standard I=app.contrail/.MainActivity} : true); (mAssociatedTask:Task{dee4b43 #13907 type=standard I=app.contrail/.MainActivity} : true); (mHomeTask:Task{fc38abe #1 type=home} : false); mReparentToOriginParent:false mLastAppBarVisible:true mLastHomeBarVisible:false
2026-03-22 13:26:56.567  2561-2722  WmSystemUiDebug         system_server                        D  on system bar attributes changed displayId=16777216 appearance=LIGHT_STATUS_BARS appearanceRegions=[AppearanceRegion{LIGHT_STATUS_BARS bounds=[0,0][1080,2400]}] navbarColorManagedByIme=false behavior=1 requestedVisibleTypes=[statusBars navigationBars captionBar systemGestures mandatorySystemGestures tappableElement displayCutout windowDecor systemOverlays] packageName=app.contrail letterboxDetails=[]
2026-03-22 13:26:56.571  6547-6547  DynamicIsl...Controller com.android.systemui                 D  delayExitApp: app.contrail app.contrail count = 0
2026-03-22 13:26:56.577  2561-5326  ImeTracker              system_server                        I  app.contrail:2b39ea: onRequestHide at ORIGIN_SERVER reason HIDE_UNSPECIFIED_WINDOW fromUser false
2026-03-22 13:26:56.582  2561-2725  BarFollowAnimation      system_server                        D  pairAppearanceRegionAndWin win=Window{4f6927f u0 Splash Screen app.contrail EXITING} 8
2026-03-22 13:26:56.582  2561-2725  BarFollowAnimation      system_server                        D  isAppTaskBarOnTop win:Window{47c6561 u0 app.contrail/app.contrail.MainActivity} (mCurrentTopTask:Task{dee4b43 #13907 type=standard I=app.contrail/.MainActivity} : true); (mAssociatedTask:Task{dee4b43 #13907 type=standard I=app.contrail/.MainActivity} : true); (mHomeTask:Task{fc38abe #1 type=home} : false); mReparentToOriginParent:false mLastAppBarVisible:true mLastHomeBarVisible:false
2026-03-22 13:26:56.584 29737-29737 ImeTracker              usap64                               I  app.contrail:2b39ea: onCancelled at PHASE_CLIENT_ALREADY_HIDDEN
2026-03-22 13:26:56.625 16373-4915  GID                     com.xiaomi.joyose                    I  PKG: app.contrail IG ? false
2026-03-22 13:26:56.727  2561-2725  WindowManager           system_server                        I  StartingWindow exit animation finished, win = Window{4f6927f u0 Splash Screen app.contrail EXITING} remove = true
2026-03-22 13:26:56.727  2561-2725  WindowManager           system_server                        I  wms.hideSurface mWin:Window{4f6927f u0 Splash Screen app.contrail EXITING} reason:(onExitAnimationDone) in Surface(name=Splash Screen app.contrail#324712)/@0xe6bd79b
2026-03-22 13:26:56.728  2561-2725  WindowManager           system_server                        D  postWindowRemoveCleanupLocked: Removing startingWindow Window{4f6927f u0 Splash Screen app.contrail} from ActivityRecord{21062653 u0 app.contrail/.MainActivity t13907} activity = ActivityRecord{21062653 u0 app.contrail/.MainActivity t13907}
2026-03-22 13:26:56.729  2561-2725  BarFollowAnimation      system_server                        D  pairAppearanceRegionAndWin win=Window{47c6561 u0 app.contrail/app.contrail.MainActivity} 8
2026-03-22 13:26:56.729  2561-2725  BarFollowAnimation      system_server                        D  isAppTaskBarOnTop win:Window{47c6561 u0 app.contrail/app.contrail.MainActivity} (mCurrentTopTask:Task{dee4b43 #13907 type=standard I=app.contrail/.MainActivity} : true); (mAssociatedTask:Task{dee4b43 #13907 type=standard I=app.contrail/.MainActivity} : true); (mHomeTask:Task{fc38abe #1 type=home} : false); mReparentToOriginParent:false mLastAppBarVisible:true mLastHomeBarVisible:false
2026-03-22 13:26:56.736  2561-2725  BarFollowAnimation      system_server                        D  pairAppearanceRegionAndWin win=Window{47c6561 u0 app.contrail/app.contrail.MainActivity} 8
2026-03-22 13:26:56.736  2561-2725  BarFollowAnimation      system_server                        D  isAppTaskBarOnTop win:Window{47c6561 u0 app.contrail/app.contrail.MainActivity} (mCurrentTopTask:Task{dee4b43 #13907 type=standard I=app.contrail/.MainActivity} : true); (mAssociatedTask:Task{dee4b43 #13907 type=standard I=app.contrail/.MainActivity} : true); (mHomeTask:Task{fc38abe #1 type=home} : false); mReparentToOriginParent:false mLastAppBarVisible:true mLastHomeBarVisible:false
2026-03-22 13:26:56.856  2561-2724  TaskSnapshot_CInjector  system_server                        W  isTop()...current=app.contrail/.MainActivity, topActivity=app.contrail/.MainActivity
2026-03-22 13:26:57.000  2561-9126  TransitionImpl          system_server                        I  finishTransition: updateLastSurfacePosition tf=Task{dee4b43 #13907 type=standard I=app.contrail/.MainActivity}
2026-03-22 13:26:57.001  2561-5784  BarFollowAnimation      system_server                        D  checkBarStatus mReparentToOriginParent:false hasTopFullAppTask:true mHomeTask:Task{fc38abe #1 type=home} mCurrentTopTask: Task{dee4b43 #13907 type=standard I=app.contrail/.MainActivity} mAssociatedTask: Task{dee4b43 #13907 type=standard I=app.contrail/.MainActivity} homeTaskonTop:false mLastAppBarVisible:true mLastHomeBarVisible:false isInSplitScreen:false
2026-03-22 13:26:57.001  2561-5784  BarFollowAnimation      system_server                        D   showAppNavBar  packageName = app.contrail mHasHideAppSurface = false mIsKeyguardGoingAway = false mNavBarState = -1
2026-03-22 13:26:57.001  2561-5784  BarFollowAnimation      system_server                        D  calculateAppSurface: task=Task{dee4b43 #13907 type=standard I=app.contrail/.MainActivity} appSurface=Surface(name=NavigationBar Container of Task = 13907#324696)/@0x236a5c0
2026-03-22 13:26:57.004  2561-2725  BarFollowAnimation      system_server                        D  pairAppearanceRegionAndWin win=Window{47c6561 u0 app.contrail/app.contrail.MainActivity} 8
2026-03-22 13:26:57.004  2561-2725  BarFollowAnimation      system_server                        D  isAppTaskBarOnTop win:Window{47c6561 u0 app.contrail/app.contrail.MainActivity} (mCurrentTopTask:Task{dee4b43 #13907 type=standard I=app.contrail/.MainActivity} : true); (mAssociatedTask:Task{dee4b43 #13907 type=standard I=app.contrail/.MainActivity} : true); (mHomeTask:Task{fc38abe #1 type=home} : false); mReparentToOriginParent:false mLastAppBarVisible:true mLastHomeBarVisible:false
2026-03-22 13:26:57.014  2561-6426  BarFollowAnimation      system_server                        D  pairAppearanceRegionAndWin win=Window{47c6561 u0 app.contrail/app.contrail.MainActivity} 8
2026-03-22 13:26:57.014  2561-6426  BarFollowAnimation      system_server                        D  isAppTaskBarOnTop win:Window{47c6561 u0 app.contrail/app.contrail.MainActivity} (mCurrentTopTask:Task{dee4b43 #13907 type=standard I=app.contrail/.MainActivity} : true); (mAssociatedTask:Task{dee4b43 #13907 type=standard I=app.contrail/.MainActivity} : true); (mHomeTask:Task{fc38abe #1 type=home} : false); mReparentToOriginParent:false mLastAppBarVisible:true mLastHomeBarVisible:false
2026-03-22 13:26:57.017  2561-6426  BarFollowAnimation      system_server                        D  pairAppearanceRegionAndWin win=Window{47c6561 u0 app.contrail/app.contrail.MainActivity} 8
2026-03-22 13:26:57.018  2561-6426  BarFollowAnimation      system_server                        D  isAppTaskBarOnTop win:Window{47c6561 u0 app.contrail/app.contrail.MainActivity} (mCurrentTopTask:Task{dee4b43 #13907 type=standard I=app.contrail/.MainActivity} : true); (mAssociatedTask:Task{dee4b43 #13907 type=standard I=app.contrail/.MainActivity} : true); (mHomeTask:Task{fc38abe #1 type=home} : false); mReparentToOriginParent:false mLastAppBarVisible:true mLastHomeBarVisible:false
2026-03-22 13:26:57.020  2561-9126  BarFollowAnimation      system_server                        D  pairAppearanceRegionAndWin win=Window{47c6561 u0 app.contrail/app.contrail.MainActivity} 8
2026-03-22 13:26:57.020  2561-9126  BarFollowAnimation      system_server                        D  isAppTaskBarOnTop win:Window{47c6561 u0 app.contrail/app.contrail.MainActivity} (mCurrentTopTask:Task{dee4b43 #13907 type=standard I=app.contrail/.MainActivity} : true); (mAssociatedTask:Task{dee4b43 #13907 type=standard I=app.contrail/.MainActivity} : true); (mHomeTask:Task{fc38abe #1 type=home} : false); mReparentToOriginParent:false mLastAppBarVisible:true mLastHomeBarVisible:false
2026-03-22 13:26:57.022 19428-19617 PowerInsig...ectService com.miui.powerinsight                D  foreground change pid 5813 uid 10140 com.miui.home isFg false, fgapplist {app.contrail={29737=1}, com.volcengine.corplink={19825=1}} isfgchanged false isBgChanged true
2026-03-22 13:26:57.023 31705-32004 VA_ActivityUtils        com.miui.voiceassist                 D  getTopActivity packageName:ComponentInfo{app.contrail/app.contrail.MainActivity}
2026-03-22 13:26:57.023 31705-32004 VA_AppStateWatcher      com.miui.voiceassist                 D  currentPkgName:app.contrail, className:app.contrail.MainActivity, lastPkgName:app.contrail
2026-03-22 13:26:57.261  2561-5289  MIUIInput               system_server                        I  [MotionEvent] publisher action=0x0, deviceId=7, 928517265, channel '47c6561 app.contrail/app.contrail.MainActivity'
2026-03-22 13:26:57.263 29737-29737 MIUIInput               usap64                               I  [MotionEvent] ViewRootImpl windowName 'app.contrail/app.contrail.MainActivity', { action=ACTION_DOWN, id[0]=0, pointerCount=1, eventTime=928517265, downTime=928517265, phoneEventTime=13:26:57.260 } moveCount:0
2026-03-22 13:26:57.269  2561-5723  SmartArtRuntime         system_server                        W  handleScroll packageName is not in smart art list. pkg : app.contrail
2026-03-22 13:26:57.319  2561-5289  MIUIInput               system_server                        I  [MotionEvent] publisher action=0x1, deviceId=7, 928517324, channel '47c6561 app.contrail/app.contrail.MainActivity'
2026-03-22 13:26:57.320 29737-29737 MIUIInput               usap64                               I  [MotionEvent] ViewRootImpl windowName 'app.contrail/app.contrail.MainActivity', { action=ACTION_UP, id[0]=0, pointerCount=1, eventTime=928517324, downTime=928517265, phoneEventTime=13:26:57.319 } moveCount:6
2026-03-22 13:26:57.320  2561-5723  SmartArtRuntime         system_server                        W  handleScroll packageName is not in smart art list. pkg : app.contrail
2026-03-22 13:26:57.749  2561-25665 PreStartingCapture      system_server                        D  Remove bitmap after load, pkg: app.contrail  mBitmapDrawableCache: {}
2026-03-22 13:26:57.798  5813-5813  TransitionCallback      com.miui.home                        I  clear leash = Surface(name=TL_Surface(name=Task=13907#324695)/@0x7b5d68b_transition-leash#324708)/@0x7e4180a, key = ComponentInfo{app.contrail/app.contrail.MainActivity}#13907
2026-03-22 13:26:58.563  2561-12357 CoreBackPreview         system_server                        D  Window{47c6561 u0 app.contrail/app.contrail.MainActivity}: Setting back callback OnBackInvokedCallbackInfo{mCallback=android.window.IOnBackInvokedCallback$Stub$Proxy@de994da, mPriority=0, mIsAnimationCallback=true, mOverrideBehavior=0}
2026-03-22 13:26:58.994  2561-5214  CoreBackPreview         system_server                        D  Window{47c6561 u0 app.contrail/app.contrail.MainActivity}: Setting back callback OnBackInvokedCallbackInfo{mCallback=android.window.IOnBackInvokedCallback$Stub$Proxy@cdc24a6, mPriority=-1, mIsAnimationCallback=false, mOverrideBehavior=0}
2026-03-22 13:26:59.360 10739-11221 AppPredictService       com.miui.securitycenter.remote       D  start doPredict app.contrail
2026-03-22 13:26:59.699  2561-5723  SmartArtRuntime         system_server                        W  handleScroll packageName is not in smart art list. pkg : app.contrail
2026-03-22 13:26:59.837 28822-28883 GDAppManager            com.miui.securitycenter:ui           I  loadDockApps: mDockAppList=[AppInfo{uid=10337, pkg='com.tencent.mm', activity='com.tencent.mm.ui.LauncherUI', from='0'}, AppInfo{uid=10363, pkg='com.ss.android.lark', activity='com.ss.android.lark.main.app.MainActivity', from='0'}, AppInfo{uid=10338, pkg='com.volcengine.corplink', activity='com.bytedance.topgo.activity.SplashActivity', from='0'}, AppInfo{uid=10360, pkg='com.wangc.bill', activity='com.wangc.bill.activity.MainActivity', from='0'}, AppInfo{uid=10418, pkg='app.contrail', activity='app.contrail.MainActivity', from='1'}, AppInfo{uid=10306, pkg='com.xingin.xhs', activity='com.xingin.xhs.index.v2.IndexActivityV2', from='1'}, AppInfo{uid=10264, pkg='com.miui.gallery', activity='com.miui.gallery.activity.HomePageActivity', from='1'}, AppInfo{uid=10305, pkg='com.ss.android.ugc.aweme', activity='com.ss.android.ugc.aweme.splash.SplashActivity', from='1'}, AppInfo{uid=10377, pkg='com.jingdong.app.mall', activity='com.jingdong.app.mall.MainFrameActivity', from='1'}, AppInfo{uid=10389, pkg='com.ss.android.yumme.video', activity='com.ss.android.ugc.aweme.splash.SplashActivity', from='1'}, AppInfo{uid=10404, pkg='com.trainnote.rn', activity='com.trainnote.rn.MainActivity', from='1'}, AppInfo{uid=10408, pkg='cn.com.langeasy.LangEasyLexis', activity='cn.com.langeasy.LangEasyLexis.activity.SplashActivity', from='1'}, AppInfo{uid=10390, pkg='com.netease.cloudmusic', activity='com.netease.cloudmusic.activity.IconChangeDefaultAlias', from='1'}, AppInfo{uid=10130, pkg='com.android.contacts', activity='com.android.contacts.activities.PeopleActivity', from='1'}, AppInfo{uid=10307, pkg='com.xunmeng.pinduoduo', activity='com.xunmeng.pinduoduo.ui.activity.MainFrameActivity', from='1'}, AppInfo{uid=10303, pkg='com.taobao.taobao', activity='com.taobao.tao.welcome.Welcome', from='1'}, AppInfo{uid=10139, pkg='com.android.mms', activity='com.android.mms.ui.MmsTabActivity', from='1'}, AppInfo{uid=10296, pkg='com.eg.android.AlipayGphone', activity='com.eg.android.AlipayGphone.AlipayLogin', from='1'}, AppInfo{uid=10402, pkg='com.autonavi.minimap', activity='com.autonavi.map.activity.SplashActivity', from='1'}, AppInfo{uid=10388, pkg='com.foxdebug.acode', activity='com.foxdebug.acode.MainActivity', from='1'}, AppInfo{uid=10373, pkg='cn.damai', activity='cn.damai.launcher.splash.SplashMainActivity', from='1'}, AppInfo{uid=10361, pkg='com.tencent.mobileqq', activity='com.tencent.mobileqq.activity.SplashActivity', from='1'}, AppInfo{uid=10309, pkg='com.zhihu.android', activity='com.zhihu.android.app.ui.activity.LauncherActivity', from='1'}, AppInfo{uid=10374, pkg='com.larus.nova', activity='com.larus.home.impl.alias.AliasActivity1', from='1'}, AppInfo{uid=10160, pkg='com.android.fileexplorer', activity='com.android.fileexplorer.FileExplorerTabActivity', from='1'}, AppInfo{uid=10352, pkg='mark.via', activity='mark.via.Shell', from='1'}, AppInfo{uid=10329, pkg='cmb.pb', activity='cmb.pb.app.mainframe.container.PBMainActivity', from='1'}, AppInfo{uid=10262, pkg='com.android.deskclock', activity='com.android.deskclock.DeskClockTabActivity', from='2'}, AppInfo{uid=10328, pkg='com.taou.maimai', activity='com.taou.maimai.MainActivity', from='2'}, AppInfo{uid=10294, pkg='com.dianping.v1', activity='com.dianping.v1.NovaMainActivity', from='2'}]
2026-03-22 13:27:01.492  2561-5620  PolicyMaker             system_server                        D  uid =10418 pkg=app.contrail reason=VISIBLE_APP
2026-03-22 13:27:01.503  2561-5705  whetstone.activity      system_server                        I  processNotifyEvent1 resId = 128, bundle = Bundle[{startTime=1557675822, sourcePkg=app.contrail, type=RTC_WAKEUP, statsTag=*walarm*:id.flutter.background_service.RESPAWN, creatorUid=10418, elapsedRealtime=1557675820}]
