2026-03-22 13:26:54.901  5813-5813  TaskView                com.miui.home                        D  TaskView bind task, task=[TaskKey{id=13906, stackId=0, baseIntent=Intent { act=android.intent.action.MAIN cat=[android.intent.category.LAUNCHER] flg=0x10200000 cmp=app.contrail/.MainActivity }, userId=0, lastActiveTime=1557666117, windowingMode=1, isThumbnailBlur=false, isAccessLocked=false, isScreening=false, topActivity=ComponentInfo{app.contrail/app.contrail.MainActivity}, mHashCode=415197198}, title=Contrail, titleDescription=Contrail, bounds=null, isLaunchTarget=true, isStackTask=true, isSystemApp=false, isDockable=true, baseActivity=ComponentInfo{app.contrail/app.contrail.MainActivity}, isLocked=true, mNeedHide=false, hasMultipleTasks=false, cti1Key=, cti2Key=, cti1Task=, cti2Task=] , isLock=true, is9_1Task= false
2026-03-22 13:26:54.902  5813-5813  TaskViewThumbnail       com.miui.home                        D  setThumbnail, clearThumbnail, t=[TaskKey{id=13906, stackId=0, baseIntent=Intent { act=android.intent.action.MAIN cat=[android.intent.category.LAUNCHER] flg=0x10200000 cmp=app.contrail/.MainActivity }, userId=0, lastActiveTime=1557666117, windowingMode=1, isThumbnailBlur=false, isAccessLocked=false, isScreening=false, topActivity=ComponentInfo{app.contrail/app.contrail.MainActivity}, mHashCode=415197198}, title=Contrail, titleDescription=Contrail, bounds=null, isLaunchTarget=true, isStackTask=true, isSystemApp=false, isDockable=true, baseActivity=ComponentInfo{app.contrail/app.contrail.MainActivity}, isLocked=true, mNeedHide=false, hasMultipleTasks=false, cti1Key=, cti2Key=, cti1Task=, cti2Task=] , bm=null, bm isRecycled=false, thumbnailInfo=null
2026-03-22 13:26:54.906  5813-6811  BackgroundTaskLoader    com.miui.home                        D  getThumbnailData, getTaskThumbnail from AMS, key=ComponentInfo{app.contrail/app.contrail.MainActivity}, cachedThumbnailData=ThumbnailData{thumbnail=android.graphics.Bitmap@254f25d, isAccessLocked=false, thumbnailInfo=TaskThumbnailInfo{isSnapshotInvalidate=false}, isDeterminedWhetherBlur=false}
2026-03-22 13:26:54.920  5813-5813  TaskViewThumbnail       com.miui.home                        D  setThumbnail, t=[TaskKey{id=13906, stackId=0, baseIntent=Intent { act=android.intent.action.MAIN cat=[android.intent.category.LAUNCHER] flg=0x10200000 cmp=app.contrail/.MainActivity }, userId=0, lastActiveTime=1557666117, windowingMode=1, isThumbnailBlur=false, isAccessLocked=false, isScreening=false, topActivity=ComponentInfo{app.contrail/app.contrail.MainActivity}, mHashCode=415197198}, title=Contrail, titleDescription=Contrail, bounds=null, isLaunchTarget=true, isStackTask=true, isSystemApp=false, isDockable=true, baseActivity=ComponentInfo{app.contrail/app.contrail.MainActivity}, isLocked=true, mNeedHide=false, hasMultipleTasks=false, cti1Key=, cti2Key=, cti1Task=, cti2Task=] , mThumbnailInfo=TaskThumbnailInfo{isSnapshotInvalidate=false}, mThumbnailBitmapRect=Rect(0, 0 - 1080, 2400)
2026-03-22 13:26:54.920  5813-5813  TaskViewThumbnail       com.miui.home                        D  updateThumbnailScale, t=[TaskKey{id=13906, stackId=0, baseIntent=Intent { act=android.intent.action.MAIN cat=[android.intent.category.LAUNCHER] flg=0x10200000 cmp=app.contrail/.MainActivity }, userId=0, lastActiveTime=1557666117, windowingMode=1, isThumbnailBlur=false, isAccessLocked=false, isScreening=false, topActivity=ComponentInfo{app.contrail/app.contrail.MainActivity}, mHashCode=415197198}, title=Contrail, titleDescription=Contrail, bounds=null, isLaunchTarget=true, isStackTask=true, isSystemApp=false, isDockable=true, baseActivity=ComponentInfo{app.contrail/app.contrail.MainActivity}, isLocked=true, mNeedHide=false, hasMultipleTasks=false, cti1Key=, cti2Key=, cti1Task=, cti2Task=] , mThumbnailBitmapSizeAfterScaled=(756.0, 1680.0)
2026-03-22 13:26:54.934  2561-5723  SmartArtRuntime         system_server                        W  handleScroll packageName is not in smart art list. pkg : app.contrail
2026-03-22 13:26:54.938  5813-5813  TaskViewThumbnail       com.miui.home                        D  setThumbnail, t=[TaskKey{id=13906, stackId=0, baseIntent=Intent { act=android.intent.action.MAIN cat=[android.intent.category.LAUNCHER] flg=0x10200000 cmp=app.contrail/.MainActivity }, userId=0, lastActiveTime=1557666117, windowingMode=1, isThumbnailBlur=false, isAccessLocked=false, isScreening=false, topActivity=ComponentInfo{app.contrail/app.contrail.MainActivity}, mHashCode=415197198}, title=Contrail, titleDescription=Contrail, bounds=null, isLaunchTarget=true, isStackTask=true, isSystemApp=false, isDockable=true, baseActivity=ComponentInfo{app.contrail/app.contrail.MainActivity}, isLocked=true, mNeedHide=false, hasMultipleTasks=false, cti1Key=, cti2Key=, cti1Task=, cti2Task=] , mThumbnailInfo=TaskThumbnailInfo{isSnapshotInvalidate=false}, mThumbnailBitmapRect=Rect(0, 0 - 1080, 2400)
2026-03-22 13:26:54.938  5813-5813  TaskViewThumbnail       com.miui.home                        D  updateThumbnailScale, t=[TaskKey{id=13906, stackId=0, baseIntent=Intent { act=android.intent.action.MAIN cat=[android.intent.category.LAUNCHER] flg=0x10200000 cmp=app.contrail/.MainActivity }, userId=0, lastActiveTime=1557666117, windowingMode=1, isThumbnailBlur=false, isAccessLocked=false, isScreening=false, topActivity=ComponentInfo{app.contrail/app.contrail.MainActivity}, mHashCode=415197198}, title=Contrail, titleDescription=Contrail, bounds=null, isLaunchTarget=true, isStackTask=true, isSystemApp=false, isDockable=true, baseActivity=ComponentInfo{app.contrail/app.contrail.MainActivity}, isLocked=true, mNeedHide=false, hasMultipleTasks=false, cti1Key=, cti2Key=, cti1Task=, cti2Task=] , mThumbnailBitmapSizeAfterScaled=(756.0, 1680.0)
2026-03-22 13:26:54.947  5813-5813  PauseAdvancedHelper     com.miui.home                        D  needPauseAdvance=false   packageName=app.contrail
2026-03-22 13:26:54.947  5813-5813  K8FrontCameraManager    com.miui.home                        D  needPauseAdvance=false   packageName=app.contrail
2026-03-22 13:26:54.947  5813-5813  K8FrontCameraManager    com.miui.home                        D  needPauseAdvance=false   packageName=app.contrail
2026-03-22 13:26:54.948  2561-2725  BarFollowAnimation      system_server                        D  isAppTaskBarOnTop win:Window{c36400e u0 com.miui.home/com.miui.home.launcher.Launcher} (mCurrentTopTask:Task{2b0db74 #13906 type=standard I=app.contrail/.MainActivity} : true); (mAssociatedTask:Task{2b0db74 #13906 type=standard I=app.contrail/.MainActivity} : true); (mHomeTask:Task{fc38abe #1 type=home} : true); mReparentToOriginParent:false mLastAppBarVisible:false mLastHomeBarVisible:true
2026-03-22 13:26:54.979 28822-28905 GDAppManager            com.miui.securitycenter:ui           I  loadDockApps: mDockAppList=[AppInfo{uid=10337, pkg='com.tencent.mm', activity='com.tencent.mm.ui.LauncherUI', from='0'}, AppInfo{uid=10363, pkg='com.ss.android.lark', activity='com.ss.android.lark.main.app.MainActivity', from='0'}, AppInfo{uid=10338, pkg='com.volcengine.corplink', activity='com.bytedance.topgo.activity.SplashActivity', from='0'}, AppInfo{uid=10360, pkg='com.wangc.bill', activity='com.wangc.bill.activity.MainActivity', from='0'}, AppInfo{uid=10418, pkg='app.contrail', activity='app.contrail.MainActivity', from='1'}, AppInfo{uid=10306, pkg='com.xingin.xhs', activity='com.xingin.xhs.index.v2.IndexActivityV2', from='1'}, AppInfo{uid=10377, pkg='com.jingdong.app.mall', activity='com.jingdong.app.mall.MainFrameActivity', from='1'}, AppInfo{uid=10390, pkg='com.netease.cloudmusic', activity='com.netease.cloudmusic.activity.IconChangeDefaultAlias', from='1'}, AppInfo{uid=10389, pkg='com.ss.android.yumme.video', activity='com.ss.android.ugc.aweme.splash.SplashActivity', from='1'}, AppInfo{uid=10264, pkg='com.miui.gallery', activity='com.miui.gallery.activity.HomePageActivity', from='1'}, AppInfo{uid=10130, pkg='com.android.contacts', activity='com.android.contacts.activities.PeopleActivity', from='1'}, AppInfo{uid=10305, pkg='com.ss.android.ugc.aweme', activity='com.ss.android.ugc.aweme.splash.SplashActivity', from='1'}, AppInfo{uid=10139, pkg='com.android.mms', activity='com.android.mms.ui.MmsTabActivity', from='1'}, AppInfo{uid=10307, pkg='com.xunmeng.pinduoduo', activity='com.xunmeng.pinduoduo.ui.activity.MainFrameActivity', from='1'}, AppInfo{uid=10303, pkg='com.taobao.taobao', activity='com.taobao.tao.welcome.Welcome', from='1'}, AppInfo{uid=10402, pkg='com.autonavi.minimap', activity='com.autonavi.map.activity.SplashActivity', from='1'}, AppInfo{uid=10296, pkg='com.eg.android.AlipayGphone', activity='com.eg.android.AlipayGphone.AlipayLogin', from='1'}, AppInfo{uid=10373, pkg='cn.damai', activity='cn.damai.launcher.splash.SplashMainActivity', from='1'}, AppInfo{uid=10374, pkg='com.larus.nova', activity='com.larus.home.impl.alias.AliasActivity1', from='1'}, AppInfo{uid=10361, pkg='com.tencent.mobileqq', activity='com.tencent.mobileqq.activity.SplashActivity', from='1'}, AppInfo{uid=10309, pkg='com.zhihu.android', activity='com.zhihu.android.app.ui.activity.LauncherActivity', from='1'}, AppInfo{uid=10160, pkg='com.android.fileexplorer', activity='com.android.fileexplorer.FileExplorerTabActivity', from='1'}, AppInfo{uid=10352, pkg='mark.via', activity='mark.via.Shell', from='1'}, AppInfo{uid=10388, pkg='com.foxdebug.acode', activity='com.foxdebug.acode.MainActivity', from='1'}, AppInfo{uid=10329, pkg='cmb.pb', activity='cmb.pb.app.mainframe.container.PBMainActivity', from='1'}, AppInfo{uid=10378, pkg='com.taobao.idlefish', activity='com.taobao.fleamarket.home.activity.InitActivity', from='1'}, AppInfo{uid=10272, pkg='com.miui.notes', activity='com.miui.notes.ui.NotesListActivity', from='1'}, AppInfo{uid=10404, pkg='com.trainnote.rn', activity='com.trainnote.rn.MainActivity', from='2'}, AppInfo{uid=10408, pkg='cn.com.langeasy.LangEasyLexis', activity='cn.com.langeasy.LangEasyLexis.activity.SplashActivity', from='2'}, AppInfo{uid=10262, pkg='com.android.deskclock', activity='com.android.deskclock.DeskClockTabActivity', from='2'}]
2026-03-22 13:26:55.309  2561-5215  WindowManager           system_server                        E   source = Task{2b0db74 #13906 type=standard I=app.contrail/.MainActivity} excludeMiuiNavBar = true excludeMiuiStatusBar = true excludeIme = false excludeNavBar = true miuiNavSurfaceControl = Surface(name=NavigationBar Container of Task = 13906#324428)/@0xec885f8 miuiStatusSurfaceControl = Surface(name=StatusBar Container of Task = 13906#324429)/@0x218430d
2026-03-22 13:26:55.310  2182-2182  SurfaceFlinger          surfaceflinger                       I  SF-MICapture: mode:0, layerName:Background for 29a67cd SurfaceView[app.contrail/app.contrail.MainActivity]#324673
2026-03-22 13:26:55.310  2182-2182  SurfaceFlinger          surfaceflinger                       I  SF-MICapture: mode:0, layerName:29a67cd SurfaceView[app.contrail/app.contrail.MainActivity](BLAST)#324672
2026-03-22 13:26:55.310  2182-2182  SurfaceFlinger          surfaceflinger                       I  SF-MICapture: mode:0, layerName:app.contrail/app.contrail.MainActivity#324669
2026-03-22 13:26:55.315  2561-5215  WindowManager           system_server                        D  snapshot isNothing = false source = Task{2b0db74 #13906 type=standard I=app.contrail/.MainActivity}
2026-03-22 13:26:55.316  5813-5813  TaskViewThumbnail       com.miui.home                        D  setThumbnail, t=[TaskKey{id=13906, stackId=0, baseIntent=Intent { act=android.intent.action.MAIN cat=[android.intent.category.LAUNCHER] flg=0x10200000 cmp=app.contrail/.MainActivity }, userId=0, lastActiveTime=1557666117, windowingMode=1, isThumbnailBlur=false, isAccessLocked=false, isScreening=false, topActivity=ComponentInfo{app.contrail/app.contrail.MainActivity}, mHashCode=415197198}, title=Contrail, titleDescription=Contrail, bounds=null, isLaunchTarget=true, isStackTask=true, isSystemApp=false, isDockable=true, baseActivity=ComponentInfo{app.contrail/app.contrail.MainActivity}, isLocked=true, mNeedHide=false, hasMultipleTasks=false, cti1Key=, cti2Key=, cti1Task=, cti2Task=] , mThumbnailInfo=TaskThumbnailInfo{isSnapshotInvalidate=false}, mThumbnailBitmapRect=Rect(0, 0 - 1080, 2400)
2026-03-22 13:26:55.316  5813-5813  TaskViewThumbnail       com.miui.home                        D  updateThumbnailScale, t=[TaskKey{id=13906, stackId=0, baseIntent=Intent { act=android.intent.action.MAIN cat=[android.intent.category.LAUNCHER] flg=0x10200000 cmp=app.contrail/.MainActivity }, userId=0, lastActiveTime=1557666117, windowingMode=1, isThumbnailBlur=false, isAccessLocked=false, isScreening=false, topActivity=ComponentInfo{app.contrail/app.contrail.MainActivity}, mHashCode=415197198}, title=Contrail, titleDescription=Contrail, bounds=null, isLaunchTarget=true, isStackTask=true, isSystemApp=false, isDockable=true, baseActivity=ComponentInfo{app.contrail/app.contrail.MainActivity}, isLocked=true, mNeedHide=false, hasMultipleTasks=false, cti1Key=, cti2Key=, cti1Task=, cti2Task=] , mThumbnailBitmapSizeAfterScaled=(756.0, 1680.0)
2026-03-22 13:26:55.323  5813-5813  TaskViewThumbnail       com.miui.home                        D  setThumbnail, t=[TaskKey{id=13906, stackId=0, baseIntent=Intent { act=android.intent.action.MAIN cat=[android.intent.category.LAUNCHER] flg=0x10200000 cmp=app.contrail/.MainActivity }, userId=0, lastActiveTime=1557666117, windowingMode=1, isThumbnailBlur=false, isAccessLocked=false, isScreening=false, topActivity=ComponentInfo{app.contrail/app.contrail.MainActivity}, mHashCode=415197198}, title=Contrail, titleDescription=Contrail, bounds=null, isLaunchTarget=true, isStackTask=true, isSystemApp=false, isDockable=true, baseActivity=ComponentInfo{app.contrail/app.contrail.MainActivity}, isLocked=true, mNeedHide=false, hasMultipleTasks=false, cti1Key=, cti2Key=, cti1Task=, cti2Task=] , mThumbnailInfo=TaskThumbnailInfo{isSnapshotInvalidate=false}, mThumbnailBitmapRect=Rect(0, 0 - 1080, 2400)
2026-03-22 13:26:55.323  5813-5813  TaskViewThumbnail       com.miui.home                        D  updateThumbnailScale, t=[TaskKey{id=13906, stackId=0, baseIntent=Intent { act=android.intent.action.MAIN cat=[android.intent.category.LAUNCHER] flg=0x10200000 cmp=app.contrail/.MainActivity }, userId=0, lastActiveTime=1557666117, windowingMode=1, isThumbnailBlur=false, isAccessLocked=false, isScreening=false, topActivity=ComponentInfo{app.contrail/app.contrail.MainActivity}, mHashCode=415197198}, title=Contrail, titleDescription=Contrail, bounds=null, isLaunchTarget=true, isStackTask=true, isSystemApp=false, isDockable=true, baseActivity=ComponentInfo{app.contrail/app.contrail.MainActivity}, isLocked=true, mNeedHide=false, hasMultipleTasks=false, cti1Key=, cti2Key=, cti1Task=, cti2Task=] , mThumbnailBitmapSizeAfterScaled=(756.0, 1680.0)
2026-03-22 13:26:55.328  2561-5215  ActivityTaskManager     system_server                        D   setSkipCaptureLayers tr: Task{2b0db74 #13906 type=standard I=app.contrail/.MainActivity}
2026-03-22 13:26:55.330  2561-5215  Transition              system_server                        D  setToBackByHome for Task{2b0db74 #13906 type=standard I=app.contrail/.MainActivity}
2026-03-22 13:26:55.330  2561-5215  BarFollowAnimation      system_server                        D  onTaskInfoChanedForCaptionBar Task{2b0db74 #13906 type=standard I=app.contrail/.MainActivity} shouldbeVisible:false isVisible:false isOnTop:false windowMode:1 preDisplayId:-1 displayId:0 mCaptionAssociatedTask:null mIsTouchedInCaption:false
2026-03-22 13:26:55.330  2561-5215  TransitionImpl          system_server                        I  finishTransition: updateLastSurfacePosition tf=Task{2b0db74 #13906 type=standard I=app.contrail/.MainActivity}
2026-03-22 13:26:55.332  2561-5784  BarFollowAnimation      system_server                        D  checkBarStatus mReparentToOriginParent:false hasTopFullAppTask:false mHomeTask:Task{fc38abe #1 type=home} mCurrentTopTask: Task{2b0db74 #13906 type=standard I=app.contrail/.MainActivity} mAssociatedTask: Task{2b0db74 #13906 type=standard I=app.contrail/.MainActivity} homeTaskonTop:true mLastAppBarVisible:false mLastHomeBarVisible:true isInSplitScreen:false
2026-03-22 13:26:55.333  9399-11135 ContentCatcher          usap64                               I  SettingTrigger : unregister status observer app.contrail.MainActivity
2026-03-22 13:26:55.335  9399-11135 ContentCatcher          usap64                               I  SettingTrigger : unregisterUIAgentListener app.contrail.MainActivity, uid:10418
2026-03-22 13:26:55.335  2561-5215  DataHub                 system_server                        I  unregisterUIAgentListener packageName: app.contrail~10418
2026-03-22 13:26:55.335  2561-5215  RemoteCallbackList      system_server                        I  unregister success, remove callback for app.contrail~10418
2026-03-22 13:26:55.338  9399-9399  ViewRootImplStubImpl    usap64                               D  onSurfaceViewDetached:
                                                                                                    , vri:android.view.ViewRootImpl@93face, app.contrail/app.contrail.MainActivity
                                                                                                    , vri size:1080x2400
                                                                                                    , surfaceView:io.flutter.embedding.android.FlutterSurfaceView{29a67cd V.E...... ........ 0,0-1080,2400}, SurfaceView[app.contrail/app.contrail.MainActivity]
                                                                                                    , surfaceView size:1080x2400
                                                                                                    , surfaceControl:Surface(name=29a67cd SurfaceView[app.contrail/app.contrail.MainActivity](BLAST)#324672)/@0x41b9d84
2026-03-22 13:26:55.340  2561-2725  WindowManager           system_server                        I  wms.hideSurface mWin:Window{280494a u0 app.contrail/app.contrail.MainActivity} reason:(prepareSurfaceLocked) in Surface(name=app.contrail/app.contrail.MainActivity#324669)/@0x9e1af30
2026-03-22 13:26:55.343  6547-6945  MiuiDecora...Controller com.android.systemui                 D  relayout::taskId=13906, visible=false, bounds=Rect(0, 0 - 1080, 2400), focused=false, oldImmersive=false, newImmersive=false, windowMode=1, activityType=1, displayId=0, baseActivity=ComponentInfo{app.contrail/app.contrail.MainActivity}, topActivity=ComponentInfo{app.contrail/app.contrail.MainActivity}, callers=com.android.wm.shell.multitasking.miuimultiwinswitch.miuiwindowdecor.decoration.MiuiDecorationController.relayout:4 com.android.wm.shell.multitasking.miuimultiwinswitch.miuiwindowdecor.MulWinSwitchDecorViewModel.onTaskInfoChanged:18 com.android.wm.shell.multitasking.common.taskmanager.MultiTaskingTaskListener.onTaskInfoChanged:47 com.android.wm.shell.ShellTaskOrganizer.onTaskInfoChanged:136 android.window.TaskOrganizer$1.lambda$onTaskInfoChanged$6:300 
2026-03-22 13:26:55.351  9399-11125 app.contrail            usap64                               W  Binder 0xb40000731359cce0 destroyed after setInheritRt before being parceled.
2026-03-22 13:26:55.352  2561-2595  BarFollowAnimation      system_server                        D  isAppTaskBarOnTop win:Window{c36400e u0 com.miui.home/com.miui.home.launcher.Launcher} (mCurrentTopTask:Task{2b0db74 #13906 type=standard I=app.contrail/.MainActivity} : false); (mAssociatedTask:Task{2b0db74 #13906 type=standard I=app.contrail/.MainActivity} : false); (mHomeTask:Task{fc38abe #1 type=home} : true); mReparentToOriginParent:false mLastAppBarVisible:false mLastHomeBarVisible:true
2026-03-22 13:26:55.357 11852-16709 travelServ...erverUtils com.miui.personalassistant           D  activityStopped ComponentInfo{app.contrail/app.contrail.MainActivity}
2026-03-22 13:26:55.358  2561-2642  SSRU-ResourceUsageProxy system_server                        W  Nonexistent ongoing transaction AW_TOP:164749586 for u:0 pkg:app.contrail ended
2026-03-22 13:26:55.358 31705-32004 VA_AppStateWatcher      com.miui.voiceassist                 D  currentPkgName:com.miui.home, className:com.miui.home.launcher.Launcher, lastPkgName:app.contrail
2026-03-22 13:26:55.359 16097-16097 AppLifecycleObserver    com.xiaomi.xmsf:services             D  onReceive: app.contrail BACKGROUND
2026-03-22 13:26:55.359 31705-31705 VA_HybridL...leListener com.miui.voiceassist                 I  onTopAppChanged: newApp=com.miui.home from=app.contrail fromPkg=com.miui.home
2026-03-22 13:26:55.360 16097-16097 PkgUtils                com.xiaomi.xmsf:services             D  getApplicationInfo packageName:app.contrail, flags:128 applicationInfo:ApplicationInfo{c7bf0b8 app.contrail} needSecondSpace:false
2026-03-22 13:26:55.360 19428-19476 PowerInsig...ectService com.miui.powerinsight                D  Removed PID 9399 from app.contrail
2026-03-22 13:26:55.360 19428-19476 PowerInsig...ectService com.miui.powerinsight                D  Last PID removed for package: app.contrail
2026-03-22 13:26:55.360 19428-19476 PowerInsig...ectService com.miui.powerinsight                D  foreground change pid 9399 uid 10418 app.contrail isFg false, fgapplist {com.miui.home={5813=1}, com.volcengine.corplink={19825=1}} isfgchanged false isBgChanged true
2026-03-22 13:26:55.360 19428-19476 PowerInsig...ectService com.miui.powerinsight                D  handleAppStateChange bg pkg: app.contrail uid 10418
2026-03-22 13:26:55.362  2561-2725  BarFollowAnimation      system_server                        D  isAppTaskBarOnTop win:Window{c36400e u0 com.miui.home/com.miui.home.launcher.Launcher} (mCurrentTopTask:Task{2b0db74 #13906 type=standard I=app.contrail/.MainActivity} : false); (mAssociatedTask:Task{2b0db74 #13906 type=standard I=app.contrail/.MainActivity} : false); (mHomeTask:Task{fc38abe #1 type=home} : true); mReparentToOriginParent:false mLastAppBarVisible:false mLastHomeBarVisible:true
2026-03-22 13:26:55.558  2561-5619  Aurogon                 system_server                        D   onForegroundActivitiesChanged packageName = app.contrail
2026-03-22 13:26:55.571  5813-5813  TaskStackV...uchHandler com.miui.home                        D  onChildDismissedEnd, taskView = com.miui.home.recents.views.TaskView{2e6aac3 VFE...CL. ........ 710,309-1466,2091} task information: [TaskKey{id=13906, stackId=0, baseIntent=Intent { act=android.intent.action.MAIN cat=[android.intent.category.LAUNCHER] flg=0x10200000 cmp=app.contrail/.MainActivity }, userId=0, lastActiveTime=1557666117, windowingMode=1, isThumbnailBlur=false, isAccessLocked=false, isScreening=false, topActivity=ComponentInfo{app.contrail/app.contrail.MainActivity}, mHashCode=415197198}, title=Contrail, titleDescription=Contrail, bounds=null, isLaunchTarget=true, isStackTask=true, isSystemApp=false, isDockable=true, baseActivity=ComponentInfo{app.contrail/app.contrail.MainActivity}, isLocked=true, mNeedHide=false, hasMultipleTasks=false, cti1Key=, cti2Key=, cti1Task=, cti2Task=] 
2026-03-22 13:26:55.572  5813-5813  RecentsContainer        com.miui.home                        D  removeTask: [TaskKey{id=13906, stackId=0, baseIntent=Intent { act=android.intent.action.MAIN cat=[android.intent.category.LAUNCHER] flg=0x10200000 cmp=app.contrail/.MainActivity }, userId=0, lastActiveTime=1557666117, windowingMode=1, isThumbnailBlur=false, isAccessLocked=false, isScreening=false, topActivity=ComponentInfo{app.contrail/app.contrail.MainActivity}, mHashCode=415197198}, title=Contrail, titleDescription=Contrail, bounds=null, isLaunchTarget=true, isStackTask=true, isSystemApp=false, isDockable=true, baseActivity=ComponentInfo{app.contrail/app.contrail.MainActivity}, isLocked=true, mNeedHide=false, hasMultipleTasks=false, cti1Key=, cti2Key=, cti1Task=, cti2Task=] 
2026-03-22 13:26:55.577  6116-6237  DynamicDDSService       .dataservices                        I  handleMessage(ACTIVITY_SUSPEND{appInfo=app.contrail isFullScreen=}true)
2026-03-22 13:26:55.578  5813-5813  RecentsContainer        com.miui.home                        D  doSwapUPClean : [TaskKey{id=13906, stackId=0, baseIntent=Intent { act=android.intent.action.MAIN cat=[android.intent.category.LAUNCHER] flg=0x10200000 cmp=app.contrail/.MainActivity }, userId=0, lastActiveTime=1557666117, windowingMode=1, isThumbnailBlur=false, isAccessLocked=false, isScreening=false, topActivity=ComponentInfo{app.contrail/app.contrail.MainActivity}, mHashCode=415197198}, title=Contrail, titleDescription=Contrail, bounds=null, isLaunchTarget=true, isStackTask=true, isSystemApp=false, isDockable=true, baseActivity=ComponentInfo{app.contrail/app.contrail.MainActivity}, isLocked=true, mNeedHide=false, hasMultipleTasks=false, cti1Key=, cti2Key=, cti1Task=, cti2Task=] 
2026-03-22 13:26:55.582  2561-2909  ActivityTaskManager     system_server                        I  removetask notifyTaskRemoved Task{2b0db74 #13906 type=standard I=app.contrail/.MainActivity}, call from com.android.server.wm.ActivityTaskSupervisor.removeTask:1979 com.android.server.wm.ActivityTaskSupervisor.removeTask:1924 com.android.server.wm.WindowProcessUtils.removeTaskLocked:391 com.android.server.wm.WindowProcessUtils.removeTask:378 com.android.server.am.ProcessCleanerBase.removeTaskIfNeeded:198 com.android.server.am.ProcessSceneCleaner.handleSwipeKill:203 com.android.server.am.ProcessSceneCleaner.-$$Nest$mhandleSwipeKill:0 com.android.server.am.ProcessSceneCleaner$H.handleMessage:120 
2026-03-22 13:26:55.584  2561-2909  ActivityTaskManager     system_server                        I  removetask notifyTaskRemoved Task{2b0db74 #13906 type=standard I=app.contrail/.MainActivity}, call from com.android.server.wm.ActivityTaskSupervisor.removeTask:1924 com.android.server.wm.WindowProcessUtils.removeTaskLocked:391 com.android.server.wm.WindowProcessUtils.removeTask:378 com.android.server.am.ProcessCleanerBase.removeTaskIfNeeded:198 com.android.server.am.ProcessSceneCleaner.handleSwipeKill:203 com.android.server.am.ProcessSceneCleaner.-$$Nest$mhandleSwipeKill:0 com.android.server.am.ProcessSceneCleaner$H.handleMessage:120 android.os.Handler.dispatchMessage:114 
2026-03-22 13:26:55.586  9399-9399  app.contrail            usap64                               W  Binder 0xb40000731359b9c0 destroyed after setInheritRt before being parceled.
2026-03-22 13:26:55.586  2561-6603  CoreBackPreview         system_server                        D  Window{280494a u0 app.contrail/app.contrail.MainActivity}: Setting back callback null
2026-03-22 13:26:55.587  2561-2909  ProcessSceneCleaner     system_server                        I  SwipeUpClean: force-stop pkgName=app.contrail info=AS:504
2026-03-22 13:26:55.590  2561-2909  ActivityManager         system_server                        I  Force stopping app.contrail appid=10418 user=0: SwipeUpClean
2026-03-22 13:26:55.593  5813-8105  TaskKeyLruCache         com.miui.home                        E  Unexpected null key or value: TaskKey{id=13906, stackId=0, baseIntent=Intent { act=android.intent.action.MAIN cat=[android.intent.category.LAUNCHER] flg=0x10200000 cmp=app.contrail/.MainActivity }, userId=0, lastActiveTime=1557666117, windowingMode=1, isThumbnailBlur=false, isAccessLocked=false, isScreening=false, topActivity=ComponentInfo{app.contrail/app.contrail.MainActivity}, mHashCode=415197198}, null
2026-03-22 13:26:55.594  2561-2909  ActivityManager         system_server                        D  Force removing proc 9399:app.contrail/u0a418 (app.contrail/10418)
2026-03-22 13:26:55.594  2561-2909  ActivityManager         system_server                        I  Killing 9399:app.contrail/u0a418 (adj 50): stop app.contrail due to SwipeUpClean
2026-03-22 13:26:55.594  2561-2909  ActivityManager         system_server                        I  note: ProcessRecord{26e0ac 9399:app.contrail/u0a418} is being killed, reason: USER REQUESTED, sub-reason: FORCE STOP, message: stop app.contrail due to SwipeUpClean
2026-03-22 13:26:55.597  2561-2909  ActivityManager         system_server                        I  Cancel FGS notification userId: 0 definingUid: 10418 packageName: app.contrail processName:app.contrail ChannelId:focus_session_channel foregroundNotiWhen:1774157072922 Notiflags:98
2026-03-22 13:26:55.597  2027-2027  vendor.qti...dl-service ven...re.servicetrackeraidl-service  I  destroyService is called for service : app.contrail/id.flutter.flutter_background_service.BackgroundService
2026-03-22 13:26:55.597  2561-2909  AppOps                  system_server                        E  Operation not started: uid=10418 pkg=app.contrail(null) op=START_FOREGROUND
2026-03-22 13:26:55.600  2561-2909  ActivityManager         system_server                        I  note: ProcessRecord{26e0ac 9399:app.contrail/u0a418} died, saving the exit info
2026-03-22 13:26:55.600  2561-2909  ActivityTaskManager     system_server                        W  Force removing ActivityRecord{113564360 u0 app.contrail/.MainActivity t13906 f}}: app died, no saved state
2026-03-22 13:26:55.601  2561-2758  ActivityManager         system_server                        I  Update process exit info for app.contrail(9399/u10418)
2026-03-22 13:26:55.601 16097-16097 AppLifecycleObserver    com.xiaomi.xmsf:services             D  onReceive: app.contrail DESTROY
2026-03-22 13:26:55.601  2561-2909  BarFollowAnimation      system_server                        D  isAppTaskBarOnTop win:Window{c36400e u0 com.miui.home/com.miui.home.launcher.Launcher} (mCurrentTopTask:Task{2b0db74 #13906 type=standard I=app.contrail/.MainActivity} : false); (mAssociatedTask:Task{2b0db74 #13906 type=standard I=app.contrail/.MainActivity} : false); (mHomeTask:Task{fc38abe #1 type=home} : true); mReparentToOriginParent:false mLastAppBarVisible:false mLastHomeBarVisible:true
2026-03-22 13:26:55.601  2561-5238  UsageStatsService       system_server                        W  Unexpected activity event reported! (app.contrail/app.contrail.MainActivity event : 23 instanceId : 164749586)
2026-03-22 13:26:55.601 19428-19476 PowerInsig...ectService com.miui.powerinsight                D  uid 10418 pid 9399 pkg app.contrail died!
2026-03-22 13:26:55.602 16097-16097 PkgUtils                com.xiaomi.xmsf:services             D  getApplicationInfo packageName:app.contrail, flags:128 applicationInfo:ApplicationInfo{789aa94 app.contrail} needSecondSpace:false
2026-03-22 13:26:55.602  2561-2909  BarFollowAnimation      system_server                        D  onTaskInfoChanedForCaptionBar Task{2b0db74 #13906 type=standard I=app.contrail/.MainActivity} shouldbeVisible:false isVisible:false isOnTop:false windowMode:1 preDisplayId:-1 displayId:0 mCaptionAssociatedTask:null mIsTouchedInCaption:false
2026-03-22 13:26:55.603  2561-2909  BarFollowAnimation      system_server                        D  onTaskValishedForCaptionBar Task{2b0db74 #13906 type=standard I=app.contrail/.MainActivity}
2026-03-22 13:26:55.610  2561-2909  AppsFilter              system_server                        I  interaction: PackageSetting{678da1e com.android.microdroid.empty_payload/10314} -> PackageSetting{62dd7a3 app.contrail/10418} BLOCKED
2026-03-22 13:26:55.613  2561-2561  NotificationService     system_server                        I  Cancel FGS notification CallingUid: 10418 CallingPid: 0 Pkg: app.contrail Id:999 Tag:null UserId:0 MustHaveFlags:0 MustNotHaveFlags:0 Reason:8 foregroundNotiWhen:1774157072922 foregroundNotiFlags:98 foregroundNotiChannelId:focus_session_channel
2026-03-22 13:26:55.614  2561-2725  BarFollowAnimation      system_server                        D  isAppTaskBarOnTop win:Window{c36400e u0 com.miui.home/com.miui.home.launcher.Launcher} (mCurrentTopTask:Task{2b0db74 #13906 type=standard I=app.contrail/.MainActivity} : false); (mAssociatedTask:null : false); (mHomeTask:Task{fc38abe #1 type=home} : true); mReparentToOriginParent:true mLastAppBarVisible:false mLastHomeBarVisible:true
2026-03-22 13:26:55.618  6477-6477  CarrierSvcBindHelper    com.android.phone                    D  onHandleForceStop: [app.contrail]
2026-03-22 13:26:55.623 12210-12210 NTF_ListenerService     com.heytap.health:transport          I  Health_onNotificationRemoved: key=0|app.contrail|999|null|10418, flag=98
2026-03-22 13:26:55.623  6547-6547  FocusPlugin             com.android.systemui                 D  NotifLifetime: onNotificationRemoved, key: 0|app.contrail|999|null|10418, needExtendLifetime: false, reason: 8
2026-03-22 13:26:55.623  6547-6547  FocusPlugin             com.android.systemui                 I  onNotificationRemoved 0|app.contrail|999|null|10418, content: null
2026-03-22 13:26:55.623  6547-6547  FocusPlugin             com.android.systemui                 I  removeByKey 0|app.contrail|999|null|10418
2026-03-22 13:26:55.624  6547-6547  HideDelete...Controller com.android.systemui                 D  onNotificationRemoved 8 0|app.contrail|999|null|10418
2026-03-22 13:26:55.624  6547-6547  AlarmSched...TE_TIMEOUT com.android.systemui                 D  cancelAlarm, key=0|app.contrail|999|null|10418, currentKey=0|com.zhihu.android|-1859543071|null|10309
2026-03-22 13:26:55.624  6547-6547  DynamicIsl...Controller com.android.systemui                 D  maybeExtendLifetime: 0|app.contrail|999|null|10418, null
2026-03-22 13:26:55.624  6547-6547  AlarmScheduler-fold     com.android.systemui                 D  cancelAlarm, key=0|app.contrail|999|null|10418, currentKey=0|com.taobao.idlefish|2081594909|null|10378
2026-03-22 13:26:55.624  6547-6547  AlarmScheduler-TIMEOUT  com.android.systemui                 D  cancelAlarm, key=0|app.contrail|999|null|10418, currentKey=0|com.sankuai.meituan.takeoutnew|-355414974|null|10335
2026-03-22 13:26:55.627  5813-6763  Launcher.A...onsMessage com.miui.home                        I  update app.contrail/ to null
2026-03-22 13:26:55.637  2561-2561  AppOps                  system_server                        E  Operation not started: uid=10418 pkg=app.contrail(null) op=WAKE_LOCK
2026-03-22 13:26:56.229  5813-5813  Launcher.CellLayout     com.miui.home                        D  touch item:ShortcutInfo, id=263, itemType=0, user=UserHandle{0}, mIconType=0, pkgName=app.contrail, className=app.contrail.MainActivity, screenId=1, container=-100, cellX=0, cellY=4, spanX=1, spanY=1
2026-03-22 13:26:56.229  5813-5813  PreStartUtils           com.miui.home                        I  preLaunchProcess intentIntent { act=android.intent.action.MAIN cat=[android.intent.category.LAUNCHER] flg=0x10200000 cmp=app.contrail/.MainActivity (has extras) } userId=0
2026-03-22 13:26:56.230  2561-12357 PreStartingManager      system_server                        D  Load bitmap start, fileName: /data/system_ce/0/pre_starting_bitmap/app.contrail_0_normal_light.webp
2026-03-22 13:26:56.230  5813-5813  PreStartUtils           com.miui.home                        E  preLaunchProcess success infoPackage: app.contrail
2026-03-22 13:26:56.231  2561-5651  MiuiEmbeddingWindow     system_server                        D  blacklistedAppRunningOnPhone: package=app.contrailisNotProjeciton=true isHavingJeppackDisabledConfig=false isRunningOnPhone=true isAppleConnection=false
2026-03-22 13:26:56.231  2561-5651  MiuiEmbeddingWindow     system_server                        D  MiuiEmbeddingWindowService: updateApplicationInfo for app.contrail, blacklistedAppRunningOnPhone updated: clear
2026-03-22 13:26:56.233  2561-5651  Perf[AppStartScene]     system_server                        I  onSceneChangeNotify:Bundle[{hostingRecordName={app.contrail/app.contrail.MainActivity}, hostingRecordType=prestart-top-activity, uid=10418, type=0, state=1, processName=app.contrail, packageName=app.contrail}]
2026-03-22 13:26:56.233  2561-5651  IorapForwardingService  system_server                        D  onIntentStarted!! packageName app.contrail; uid:10418
2026-03-22 13:26:56.234  2561-5651  ActivityManager         system_server                        I  Posting procStart msg for 0:app.contrail/u0a418
2026-03-22 13:26:56.241 29737-29737 Zygote                  usap64                               E  process_name_ptr:29737 app.contrail
2026-03-22 13:26:56.242  2561-2749  Perf[AppStartScene]     system_server                        I  onSceneChangeNotify:Bundle[{hostingRecordName={app.contrail/app.contrail.MainActivity}, hostingRecordType=prestart-top-activity, pid=29737, uid=10418, type=0, state=2, processName=app.contrail, packageName=app.contrail}]
2026-03-22 13:26:56.242 29737-29737 Zygote                  usap64                               E  SetMemoryProtected process_name_ptr:29737 app.contrail
2026-03-22 13:26:56.242  2561-2749  MiuiProces...icyManager system_server                        D  promote app.contrail maxAdj to prev  + 1, maxProcState to + PER 
2026-03-22 13:26:56.244  2561-2749  IorapForwardingService  system_server                        D  onProcessStart!! pid:29737 processname:app.contrail
2026-03-22 13:26:56.244  2561-2749  ActivityManager         system_server                        I  Start proc 29737:app.contrail/u0a418 for prestart-top-activity {app.contrail/app.contrail.MainActivity} caller=null
2026-03-22 13:26:56.247 29737-29737 app.contrail            usap64                               I  Using CollectorTypeCC GC.
2026-03-22 13:26:56.248  2561-25665 PreStartingCapture      system_server                        D  Load bitmap end, fileName: /data/system_ce/0/pre_starting_bitmap/app.contrail_0_normal_light.webp  mBitmapDrawableCache: {app.contrail=android.graphics.drawable.BitmapDrawable@4c83ffb}
2026-03-22 13:26:56.250 29737-29737 app.contrail            usap64                               E  Not starting debugger since process cannot load the jdwp agent.
2026-03-22 13:26:56.254  2561-12357 MiuiForceVkService      system_server                        D  shouldUseVk, pkg=app.contrail useVk 0
2026-03-22 13:26:56.257  2561-12357 Perf[AppStartScene]     system_server                        I  onSceneChangeNotify:Bundle[{applicationThread=android.os.BinderProxy@3e3e818, hostingRecordName={app.contrail/app.contrail.MainActivity}, hostingRecordType=prestart-top-activity, pid=29737, uid=10418, type=0, state=3, processName=app.contrail, packageName=app.contrail, applicationThreadExt=android.os.BinderProxy@3515271}]
2026-03-22 13:26:56.258  2561-12357 SmartPower...418(29737) system_server                        I  died->background(664ms) R(process start ) adj=-10000.
2026-03-22 13:26:56.263 29737-29737 RENDER_TURBO            usap64                               I  onActivityThreadCreate not in white list, pkg=app.contrail, type=aurora
2026-03-22 13:26:56.266  2561-2747  AppsFilter              system_server                        I  interaction: PackageSetting{678da1e com.android.microdroid.empty_payload/10314} -> PackageSetting{963a230 app.contrail/10418} BLOCKED
2026-03-22 13:26:56.267 29737-29737 ActivityThread          usap64                               D  setEmbeddedParam packageName=app.contrail processName=app.contrail isEmbedded=false isIsolated=false
2026-03-22 13:26:56.267 19428-19476 PowerInsig...ectService com.miui.powerinsight                D  New foreground package: app.contrail
2026-03-22 13:26:56.268 19428-19476 PowerInsig...ectService com.miui.powerinsight                D  foreground change pid 29737 uid 10418 app.contrail isFg true, fgapplist {app.contrail={29737=1}, com.miui.home={5813=1}, com.volcengine.corplink={19825=1}} isfgchanged true isBgChanged false
2026-03-22 13:26:56.268 19428-19476 PowerInsig...ectService com.miui.powerinsight                D  handleAppStateChange fg pkg: app.contrail uid 10418
2026-03-22 13:26:56.269 16097-16097 AppLifecycleObserver    com.xiaomi.xmsf:services             D  onReceive: app.contrail FOREGROUND
2026-03-22 13:26:56.269 16097-16097 PkgUtils                com.xiaomi.xmsf:services             D  getApplicationInfo packageName:app.contrail, flags:128 applicationInfo:ApplicationInfo{5981532 app.contrail} needSecondSpace:false
2026-03-22 13:26:56.272 29737-29737 nativeloader            usap64                               D  Configuring clns-10 for other apk /data/app/~~-1q3x-Q7VoxNdE14C6DfFQ==/app.contrail-QfNAhcc4kXNlZvHA39Xj4w==/base.apk. target_sdk_version=36, uses_libraries=, library_path=/data/app/~~-1q3x-Q7VoxNdE14C6DfFQ==/app.contrail-QfNAhcc4kXNlZvHA39Xj4w==/lib/arm64:/data/app/~~-1q3x-Q7VoxNdE14C6DfFQ==/app.contrail-QfNAhcc4kXNlZvHA39Xj4w==/base.apk!/lib/arm64-v8a, permitted_path=/data:/mnt/expand:/data/user/0/app.contrail
2026-03-22 13:26:56.273 29737-29737 app.contrail            usap64                               I  AssetManager2(0xb4000073335746f8) locale list changing from [] to [zh-CN]
2026-03-22 13:26:56.274 29737-29737 GraphicsEnvironment     usap64                               V  app.contrail is not listed in per-application setting
2026-03-22 13:26:56.274 29737-29737 GraphicsEnvironment     usap64                               V  app.contrail is not listed in ANGLE allowlist or settings, returning default
2026-03-22 13:26:56.275 29737-29737 ResMonitorStub          usap64                               D  The current process type is: third_party_app, process name is: app.contrail
2026-03-22 13:26:56.278 29737-15415 ForceDarkHelperStubImpl usap64                               I  initialize for app.contrail , ForceDarkOrigin
2026-03-22 13:26:56.288  2561-12357 ActivityManager         system_server                        I  Background started FGS: Allowed [callingPackage: app.contrail; callingUid: 10418; uidState: TOP ; uidBFSL: [BFSL]; intent: Intent { xflg=0x4 cmp=app.contrail/id.flutter.flutter_background_service.BackgroundService }; code:PROC_STATE_TOP; tempAllowListReason:<,reasonCode:SYSTEM_ALLOW_LISTED,duration:9223372036854775807,callingUid:-1>; allowWiu:12; targetSdkVersion:36; callerTargetSdkVersion:36; startForegroundCount:0; bindFromPackage:null: isBindService:false]
2026-03-22 13:26:56.289  2561-12357 ActivityManager         system_server                        D  Logging startService for app.contrail, stopped=false, firstLaunch=false, intent=Intent { xflg=0x4 cmp=app.contrail/id.flutter.flutter_background_service.BackgroundService }, r.app=ProcessRecord{83377e 29737:app.contrail/u0a418}
2026-03-22 13:26:56.290  2561-7450  BroadcastQueue          system_server                        D  Logging broadcast for app.contrail, stopped=false, firstLaunch=false
2026-03-22 13:26:56.291 16097-16097 AppLifecycleObserver    com.xiaomi.xmsf:services             D  onReceive: app.contrail BACKGROUND
2026-03-22 13:26:56.291  2561-2595  ActivityManager         system_server                        I  Background started FGS: Allowed [callingPackage: app.contrail; callingUid: 10418; uidState: FGS ; uidBFSL: [BFSL]; intent: Intent { cmp=app.contrail/id.flutter.flutter_background_service.BackgroundService }; code:PROC_STATE_FGS; tempAllowListReason:<,reasonCode:SYSTEM_ALLOW_LISTED,duration:9223372036854775807,callingUid:-1>; allowWiu:-1; targetSdkVersion:36; callerTargetSdkVersion:36; startForegroundCount:0; bindFromPackage:null: isBindService:false]
2026-03-22 13:26:56.291 16097-16097 PkgUtils                com.xiaomi.xmsf:services             D  getApplicationInfo packageName:app.contrail, flags:128 applicationInfo:ApplicationInfo{5981532 app.contrail} needSecondSpace:false
2026-03-22 13:26:56.293  2561-2595  AlarmManager            system_server                        E  not align this alarm: Alarm{1800dbc type 0 origWhen 1774157221292 whenElapsed 1557675612 app.contrail}, reason=0
2026-03-22 13:26:56.293 19428-19476 PowerInsig...ectService com.miui.powerinsight                D  Removed PID 29737 from app.contrail
2026-03-22 13:26:56.293 19428-19476 PowerInsig...ectService com.miui.powerinsight                D  Last PID removed for package: app.contrail
2026-03-22 13:26:56.293 19428-19476 PowerInsig...ectService com.miui.powerinsight                D  foreground change pid 29737 uid 10418 app.contrail isFg false, fgapplist {com.miui.home={5813=1}, com.volcengine.corplink={19825=1}} isfgchanged false isBgChanged true
2026-03-22 13:26:56.293 19428-19476 PowerInsig...ectService com.miui.powerinsight                D  handleAppStateChange bg pkg: app.contrail uid 10418
2026-03-22 13:26:56.294  2561-9126  ActivityManager         system_server                        I  Background started FGS: Allowed [callingPackage: app.contrail; callingUid: 10418; uidState: FGS ; uidBFSL: [BFSL]; intent: Intent { cmp=app.contrail/id.flutter.flutter_background_service.BackgroundService }; code:PROC_STATE_FGS; tempAllowListReason:<,reasonCode:SYSTEM_ALLOW_LISTED,duration:9223372036854775807,callingUid:-1>; allowWiu:-1; targetSdkVersion:36; callerTargetSdkVersion:36; startForegroundCount:1; bindFromPackage:null: isBindService:false]
2026-03-22 13:26:56.302  5813-5813  Launcher                com.miui.home                        D  launch, launchIntent=Intent { act=android.intent.action.MAIN cat=[android.intent.category.LAUNCHER] flg=0x10200000 cmp=app.contrail/.MainActivity (has extras) }
2026-03-22 13:26:56.303  5813-5813  ScenarioRecognitionUtil com.miui.home                        I  setScenarioState, type:296, isStart: true, packageName: app.contrail
2026-03-22 13:26:56.304  5813-5813  FastLaunch...ent64972d9 com.miui.home                        I  requestRemoteTransition package=app.contrail
2026-03-22 13:26:56.304  5813-5813  OpenUseQuickStep        com.miui.home                        I  packageName= app.contrail
2026-03-22 13:26:56.306 29737-15432 nativeloader            usap64                               D  Load /data/app/~~-1q3x-Q7VoxNdE14C6DfFQ==/app.contrail-QfNAhcc4kXNlZvHA39Xj4w==/base.apk!/lib/arm64-v8a/libflutter.so using class loader ns clns-10 (caller=/data/app/~~-1q3x-Q7VoxNdE14C6DfFQ==/app.contrail-QfNAhcc4kXNlZvHA39Xj4w==/base.apk): ok
2026-03-22 13:26:56.309  2561-9126  SecurityManagerService  system_server                        I  isVirtualDisplayActive caller=com.miui.home~10140, target=app.contrail~10418~0
2026-03-22 13:26:56.310  2561-9126  SmartPower...418(29737) system_server                        I  background->invisible(52ms) R(become foreground) adj=50.
2026-03-22 13:26:56.310  2561-9126  WindowManager           system_server                        D  Collecting in transition 19349: ActivityRecord{21062653 u0 app.contrail/.MainActivity init visibleRequested:false dc:null
2026-03-22 13:26:56.310  2561-9126  ActivityStarterImpl     system_server                        I  boost warm start activity for app.contrail
2026-03-22 13:26:56.316  2561-9126  WindowManager           system_server                        D  Collecting in transition 19349: Task{dee4b43 #13907 type=standard I=app.contrail/.MainActivity} init visibleRequested:false dc:Display{#0 state=ON size=1080x2400 ROTATION_0}
2026-03-22 13:26:56.316  2561-5784  BarFollowAnimation      system_server                        D   CreateBarRunnable  mTask = Task{dee4b43 #13907 type=standard I=app.contrail/.MainActivity} mSurfaceControl = Surface(name=Task=13907#324695)/@0x7fcd8f2 currentPid = 2561 currentThread name = BarFollowAnimation Thread currentThread id = 380
2026-03-22 13:26:56.316  2561-9126  BarFollowAnimation      system_server                        D  onTaskInfoChanedForCaptionBar Task{dee4b43 #13907 type=standard I=app.contrail/.MainActivity} shouldbeVisible:true isVisible:false isOnTop:true windowMode:1 preDisplayId:-1 displayId:0 mCaptionAssociatedTask:null mIsTouchedInCaption:false
2026-03-22 13:26:56.316  2561-9126  BarFollowAnimation      system_server                        D  onTaskInfoChanedForCaptionBar Task{dee4b43 #13907 type=standard I=app.contrail/.MainActivity} shouldbeVisible:true isVisible:false isOnTop:true windowMode:1 preDisplayId:-1 displayId:0 mCaptionAssociatedTask:null mIsTouchedInCaption:false
2026-03-22 13:26:56.317  2561-9126  BarFollowAnimation      system_server                        D  onTaskInfoChanedForCaptionBar Task{dee4b43 #13907 type=standard I=app.contrail/.MainActivity} shouldbeVisible:true isVisible:false isOnTop:true windowMode:1 preDisplayId:-1 displayId:0 mCaptionAssociatedTask:null mIsTouchedInCaption:false
2026-03-22 13:26:56.317  2561-9126  MiuiFreeFo...gerService system_server                        D  onStartActivityInner as = Task{dee4b43 #13907 type=standard I=app.contrail/.MainActivity} op = ActivityOptions(180379116), mPackageName=null, mAnimationType=13, mStartX=0, mStartY=0, mWidth=0, mHeight=0, mLaunchDisplayId=-1, mLaunchBoundsnull, mElementSurfaceTransition = null, activityOptionsInjector=ActivityOptionsInjector={freeformScale: -1.0 mIsNormalFreeForm: true}
2026-03-22 13:26:56.317  2561-9126  ActivityTaskManager     system_server                        I  moveTaskToFront: Task{dee4b43 #13907 type=standard I=app.contrail/.MainActivity} caller trace:com.android.server.wm.TaskDisplayArea.onTaskMoved:461 com.android.server.wm.Task.updateTaskMovement:1756 com.android.server.wm.TaskDisplayArea.positionChildTaskAt:425 com.android.server.wm.TaskDisplayArea.positionChildAt:386 com.android.server.wm.Task.moveToFront:6245 com.android.server.wm.Task.moveToFront:6215 com.android.server.wm.ActivityStarter.startActivityInner:2455 com.android.server.wm.ActivityStarter.startActivityUnchecked:1958 com.android.server.wm.ActivityStarter.executeRequest:1770 com.android.server.wm.ActivityStarter.execute:997 
2026-03-22 13:26:56.317  2561-9126  WindowManager           system_server                        I  Try to add startingWindow type = STARTING_WINDOW_TYPE_SPLASH_SCREEN this = ActivityRecord{21062653 u0 app.contrail/.MainActivity t13907} mOccludesParent = true preAllowTaskSnapshot = true afterAllowTaskSnapshot = true newTask = true taskSwitch = true processRunning = true activityCreated = false activityAllDrawn = false isSnapshotCompatible = false snapshotRotation = NaN resolvedTheme = 2131624098 theme = 2131624098
